Archive member included to satisfy reference by file (symbol)

/home/jet/work/tools/toolchain/gcc-arm-none-eabi-6_2-2016q4/bin/../lib/gcc/arm-none-eabi/6.2.1/thumb/v6-m/libgcc.a(_udivsi3.o)
                              ./system/src/stm32f0-hal/stm32f0xx_hal.o (__aeabi_uidiv)
/home/jet/work/tools/toolchain/gcc-arm-none-eabi-6_2-2016q4/bin/../lib/gcc/arm-none-eabi/6.2.1/thumb/v6-m/libgcc.a(_dvmd_tls.o)
                              /home/jet/work/tools/toolchain/gcc-arm-none-eabi-6_2-2016q4/bin/../lib/gcc/arm-none-eabi/6.2.1/thumb/v6-m/libgcc.a(_udivsi3.o) (__aeabi_idiv0)
/home/jet/work/tools/toolchain/gcc-arm-none-eabi-6_2-2016q4/bin/../lib/gcc/arm-none-eabi/6.2.1/../../../../arm-none-eabi/lib/thumb/v6-m/libg_nano.a(lib_a-errno.o)
                              ./system/src/newlib/_sbrk.o (__errno)
/home/jet/work/tools/toolchain/gcc-arm-none-eabi-6_2-2016q4/bin/../lib/gcc/arm-none-eabi/6.2.1/../../../../arm-none-eabi/lib/thumb/v6-m/libg_nano.a(lib_a-impure.o)
                              /home/jet/work/tools/toolchain/gcc-arm-none-eabi-6_2-2016q4/bin/../lib/gcc/arm-none-eabi/6.2.1/../../../../arm-none-eabi/lib/thumb/v6-m/libg_nano.a(lib_a-errno.o) (_impure_ptr)
/home/jet/work/tools/toolchain/gcc-arm-none-eabi-6_2-2016q4/bin/../lib/gcc/arm-none-eabi/6.2.1/../../../../arm-none-eabi/lib/thumb/v6-m/libg_nano.a(lib_a-init.o)
                              ./system/src/cmsis/startup_stm32f030x6.o (__libc_init_array)
/home/jet/work/tools/toolchain/gcc-arm-none-eabi-6_2-2016q4/bin/../lib/gcc/arm-none-eabi/6.2.1/../../../../arm-none-eabi/lib/thumb/v6-m/libg_nano.a(lib_a-memcpy-stub.o)
                              ./system/src/stm32f0-hal/stm32f0xx_hal_rcc.o (memcpy)
/home/jet/work/tools/toolchain/gcc-arm-none-eabi-6_2-2016q4/bin/../lib/gcc/arm-none-eabi/6.2.1/../../../../arm-none-eabi/lib/thumb/v6-m/libg_nano.a(lib_a-memset.o)
                              ./bluenrg/src/osal.o (memset)
/home/jet/work/tools/toolchain/gcc-arm-none-eabi-6_2-2016q4/bin/../lib/gcc/arm-none-eabi/6.2.1/../../../../arm-none-eabi/lib/thumb/v6-m/libg_nano.a(lib_a-strlen.o)
                              ./system/src/diag/Trace.o (strlen)
/home/jet/work/tools/toolchain/gcc-arm-none-eabi-6_2-2016q4/bin/../lib/gcc/arm-none-eabi/6.2.1/../../../../arm-none-eabi/lib/thumb/v6-m/libg_nano.a(lib_a-vsnprintf.o)
                              ./system/src/diag/Trace.o (vsnprintf)
/home/jet/work/tools/toolchain/gcc-arm-none-eabi-6_2-2016q4/bin/../lib/gcc/arm-none-eabi/6.2.1/../../../../arm-none-eabi/lib/thumb/v6-m/libg_nano.a(lib_a-nano-svfprintf.o)
                              /home/jet/work/tools/toolchain/gcc-arm-none-eabi-6_2-2016q4/bin/../lib/gcc/arm-none-eabi/6.2.1/../../../../arm-none-eabi/lib/thumb/v6-m/libg_nano.a(lib_a-vsnprintf.o) (_svfprintf_r)
/home/jet/work/tools/toolchain/gcc-arm-none-eabi-6_2-2016q4/bin/../lib/gcc/arm-none-eabi/6.2.1/../../../../arm-none-eabi/lib/thumb/v6-m/libg_nano.a(lib_a-nano-vfprintf_i.o)
                              /home/jet/work/tools/toolchain/gcc-arm-none-eabi-6_2-2016q4/bin/../lib/gcc/arm-none-eabi/6.2.1/../../../../arm-none-eabi/lib/thumb/v6-m/libg_nano.a(lib_a-nano-svfprintf.o) (_printf_i)
/home/jet/work/tools/toolchain/gcc-arm-none-eabi-6_2-2016q4/bin/../lib/gcc/arm-none-eabi/6.2.1/../../../../arm-none-eabi/lib/thumb/v6-m/libg_nano.a(lib_a-memchr-stub.o)
                              /home/jet/work/tools/toolchain/gcc-arm-none-eabi-6_2-2016q4/bin/../lib/gcc/arm-none-eabi/6.2.1/../../../../arm-none-eabi/lib/thumb/v6-m/libg_nano.a(lib_a-nano-svfprintf.o) (memchr)
/home/jet/work/tools/toolchain/gcc-arm-none-eabi-6_2-2016q4/bin/../lib/gcc/arm-none-eabi/6.2.1/../../../../arm-none-eabi/lib/thumb/v6-m/libg_nano.a(lib_a-memmove.o)
                              /home/jet/work/tools/toolchain/gcc-arm-none-eabi-6_2-2016q4/bin/../lib/gcc/arm-none-eabi/6.2.1/../../../../arm-none-eabi/lib/thumb/v6-m/libg_nano.a(lib_a-nano-svfprintf.o) (memmove)
/home/jet/work/tools/toolchain/gcc-arm-none-eabi-6_2-2016q4/bin/../lib/gcc/arm-none-eabi/6.2.1/../../../../arm-none-eabi/lib/thumb/v6-m/libg_nano.a(lib_a-nano-freer.o)
                              /home/jet/work/tools/toolchain/gcc-arm-none-eabi-6_2-2016q4/bin/../lib/gcc/arm-none-eabi/6.2.1/../../../../arm-none-eabi/lib/thumb/v6-m/libg_nano.a(lib_a-nano-svfprintf.o) (_free_r)
/home/jet/work/tools/toolchain/gcc-arm-none-eabi-6_2-2016q4/bin/../lib/gcc/arm-none-eabi/6.2.1/../../../../arm-none-eabi/lib/thumb/v6-m/libg_nano.a(lib_a-nano-mallocr.o)
                              /home/jet/work/tools/toolchain/gcc-arm-none-eabi-6_2-2016q4/bin/../lib/gcc/arm-none-eabi/6.2.1/../../../../arm-none-eabi/lib/thumb/v6-m/libg_nano.a(lib_a-nano-svfprintf.o) (_malloc_r)
/home/jet/work/tools/toolchain/gcc-arm-none-eabi-6_2-2016q4/bin/../lib/gcc/arm-none-eabi/6.2.1/../../../../arm-none-eabi/lib/thumb/v6-m/libg_nano.a(lib_a-nano-reallocr.o)
[...]
Memory Configuration

Name             Origin             Length             Attributes
RAM              0x0000000020000000 0x0000000000001000 xrw
CCMRAM           0x0000000000000000 0x0000000000000000 xrw
FLASH            0x0000000008000000 0x0000000000008000 xr
FLASHB1          0x0000000000000000 0x0000000000000000 xr
EXTMEMB0         0x0000000000000000 0x0000000000000000 xr
EXTMEMB1         0x0000000000000000 0x0000000000000000 xr
EXTMEMB2         0x0000000000000000 0x0000000000000000 xr
EXTMEMB3         0x0000000000000000 0x0000000000000000 xr
MEMORY_ARRAY     0x0000000000000000 0x0000000000000000 xrw
*default*        0x0000000000000000 0xffffffffffffffff

Linker script and memory map

LOAD ./system/src/stm32f0-hal/stm32f0xx_hal.o
LOAD ./system/src/stm32f0-hal/stm32f0xx_hal_cortex.o
LOAD ./system/src/stm32f0-hal/stm32f0xx_hal_dma.o
LOAD ./system/src/stm32f0-hal/stm32f0xx_hal_flash.o
LOAD ./system/src/stm32f0-hal/stm32f0xx_hal_flash_ex.o
LOAD ./system/src/stm32f0-hal/stm32f0xx_hal_gpio.o
LOAD ./system/src/stm32f0-hal/stm32f0xx_hal_iwdg.o
LOAD ./system/src/stm32f0-hal/stm32f0xx_hal_pwr.o
LOAD ./system/src/stm32f0-hal/stm32f0xx_hal_pwr_ex.o
LOAD ./system/src/stm32f0-hal/stm32f0xx_hal_rcc.o
LOAD ./system/src/stm32f0-hal/stm32f0xx_hal_rcc_ex.o
LOAD ./system/src/stm32f0-hal/stm32f0xx_hal_spi.o
LOAD ./system/src/stm32f0-hal/stm32f0xx_hal_spi_ex.o
LOAD ./system/src/stm32f0-hal/stm32f0xx_hal_tim.o
LOAD ./system/src/stm32f0-hal/stm32f0xx_hal_tim_ex.o
LOAD ./system/src/stm32f0-hal/stm32l0xx_nucleo.o
LOAD ./system/src/stm32f0-hal/stm32xx_lpm.o
LOAD ./system/src/newlib/_cxx.o
LOAD ./system/src/newlib/_exit.o
LOAD ./system/src/newlib/_sbrk.o
LOAD ./system/src/newlib/_startup.o
LOAD ./system/src/newlib/_syscalls.o
LOAD ./system/src/newlib/assert.o
LOAD ./system/src/diag/Trace.o
LOAD ./system/src/diag/trace_impl.o
LOAD ./system/src/cortexm/_initialize_hardware.o
LOAD ./system/src/cortexm/_reset_hardware.o
LOAD ./system/src/cortexm/exception_handlers.o
LOAD ./system/src/cmsis/startup_stm32f030x6.o
LOAD ./system/src/cmsis/system_stm32f0xx.o
LOAD ./src/_write.o
LOAD ./src/bluenrg_interface.o
LOAD ./src/bt01.o
LOAD ./src/clock.o
LOAD ./src/main.o
LOAD ./src/my_function.o
LOAD ./src/my_service.o
LOAD ./src/stm32f0xx_hal_msp.o
LOAD ./src/stm32xx_it.o
LOAD ./bluenrg/src/bluenrg_gap_aci.o
LOAD ./bluenrg/src/bluenrg_gatt_aci.o
LOAD ./bluenrg/src/bluenrg_hal_aci.o
LOAD ./bluenrg/src/bluenrg_itf_template.o
LOAD ./bluenrg/src/bluenrg_l2cap_aci.o
LOAD ./bluenrg/src/gp_timer.o
LOAD ./bluenrg/src/hci.o
LOAD ./bluenrg/src/list.o
LOAD ./bluenrg/src/osal.o
LOAD ./bluenrg/src/stm32_bluenrg_ble.o
LOAD /home/jet/work/tools/toolchain/gcc-arm-none-eabi-6_2-2016q4/bin/../lib/gcc/arm-none-eabi/6.2.1/../../../../arm-none-eabi/lib/thumb/v6-m/libstdc++_nano.a
LOAD /home/jet/work/tools/toolchain/gcc-arm-none-eabi-6_2-2016q4/bin/../lib/gcc/arm-none-eabi/6.2.1/../../../../arm-none-eabi/lib/thumb/v6-m/libm.a
START GROUP
LOAD /home/jet/work/tools/toolchain/gcc-arm-none-eabi-6_2-2016q4/bin/../lib/gcc/arm-none-eabi/6.2.1/thumb/v6-m/libgcc.a
LOAD /home/jet/work/tools/toolchain/gcc-arm-none-eabi-6_2-2016q4/bin/../lib/gcc/arm-none-eabi/6.2.1/../../../../arm-none-eabi/lib/thumb/v6-m/libg_nano.a
LOAD /home/jet/work/tools/toolchain/gcc-arm-none-eabi-6_2-2016q4/bin/../lib/gcc/arm-none-eabi/6.2.1/../../../../arm-none-eabi/lib/thumb/v6-m/libc_nano.a
END GROUP
START GROUP
LOAD /home/jet/work/tools/toolchain/gcc-arm-none-eabi-6_2-2016q4/bin/../lib/gcc/arm-none-eabi/6.2.1/thumb/v6-m/libgcc.a
LOAD /home/jet/work/tools/toolchain/gcc-arm-none-eabi-6_2-2016q4/bin/../lib/gcc/arm-none-eabi/6.2.1/../../../../arm-none-eabi/lib/thumb/v6-m/libc_nano.a
END GROUP
                0x0000000020001000                __stack = (ORIGIN (RAM) + LENGTH (RAM))
                0x0000000020001000                _estack = __stack
                0x0000000000000400                __Main_Stack_Size = 0x400
                [!provide]                        PROVIDE (_Main_Stack_Size, __Main_Stack_Size)
                0x0000000020000c00                __Main_Stack_Limit = (__stack - __Main_Stack_Size)
                [!provide]                        PROVIDE (_Main_Stack_Limit, __Main_Stack_Limit)
                0x0000000000000100                _Minimum_Stack_Size = 0x100
                0x00000000200006ac                PROVIDE (_Heap_Begin, _end_noinit)
                0x0000000020000c00                PROVIDE (_Heap_Limit, (__stack - __Main_Stack_Size))

.isr_vector     0x0000000008000000      0x228
 FILL mask 0xff
                0x0000000008000000                __vectors_start = ABSOLUTE (.)
                0x0000000008000000                __vectors_start__ = ABSOLUTE (.)
 *(.isr_vector)
 .isr_vector    0x0000000008000000       0xc0 ./system/src/cmsis/startup_stm32f030x6.o
                0x0000000008000000                g_pfnVectors
 *(.cfmconfig)
 *(.after_vectors .after_vectors.*)
 .after_vectors
                0x00000000080000c0      0x118 ./system/src/newlib/_startup.o
                0x00000000080000c0                _start
 .after_vectors
                0x00000000080001d8       0x50 ./system/src/cortexm/exception_handlers.o
                0x00000000080001d8                Reset_Handler
                0x00000000080001fa                HardFault_Handler_C

.inits          0x0000000008000228       0x28
                0x0000000008000228                __data_regions_array_start = .
                0x0000000008000228        0x4 LONG 0x80038fc LOADADDR (.data)
                0x000000000800022c        0x4 LONG 0x20000000 ADDR (.data)
                0x0000000008000230        0x4 LONG 0x200000a0 (ADDR (.data) + SIZEOF (.data))
                0x0000000008000234        0x4 LONG 0x80038fc LOADADDR (.data_CCMRAM)
                0x0000000008000238        0x4 LONG 0x0 ADDR (.data_CCMRAM)
                0x000000000800023c        0x4 LONG 0x0 (ADDR (.data_CCMRAM) + SIZEOF (.data_CCMRAM))
                0x0000000008000240                __data_regions_array_end = .
                0x0000000008000240                __bss_regions_array_start = .
                0x0000000008000240        0x4 LONG 0x200000a0 ADDR (.bss)
                0x0000000008000244        0x4 LONG 0x200006ac (ADDR (.bss) + SIZEOF (.bss))
                0x0000000008000248        0x4 LONG 0x0 ADDR (.bss_CCMRAM)
                0x000000000800024c        0x4 LONG 0x0 (ADDR (.bss_CCMRAM) + SIZEOF (.bss_CCMRAM))
                0x0000000008000250                __bss_regions_array_end = .
 *(.init)
 *(.fini)
                0x0000000008000250                . = ALIGN (0x4)
                0x0000000008000250                PROVIDE (__preinit_array_start, .)
 *(.preinit_array_sysinit .preinit_array_sysinit.*)
 *(.preinit_array_platform .preinit_array_platform.*)
 *(.preinit_array .preinit_array.*)
                0x0000000008000250                PROVIDE (__preinit_array_end, .)
                0x0000000008000250                . = ALIGN (0x4)
                0x0000000008000250                PROVIDE (__init_array_start, .)
 *(SORT(.init_array.*))
 *(.init_array)
                0x0000000008000250                PROVIDE (__init_array_end, .)
                0x0000000008000250                . = ALIGN (0x4)
                0x0000000008000250                PROVIDE (__fini_array_start, .)
 *(SORT(.fini_array.*))
 *(.fini_array)
                0x0000000008000250                PROVIDE (__fini_array_end, .)

.flashtext
 *(.flashtext .flashtext.*)

.text           0x0000000008000250     0x36ac
 *(.text .text.*)
 .text.HAL_InitTick
                0x0000000008000250       0x24 ./system/src/stm32f0-hal/stm32f0xx_hal.o
                0x0000000008000250                HAL_InitTick
 .text.HAL_Init
                0x0000000008000274       0x20 ./system/src/stm32f0-hal/stm32f0xx_hal.o
                0x0000000008000274                HAL_Init
 .text.HAL_IncTick
                0x0000000008000294       0x10 ./system/src/stm32f0-hal/stm32f0xx_hal.o
                0x0000000008000294                HAL_IncTick
 .text.HAL_GetTick
                0x00000000080002a4        0xc ./system/src/stm32f0-hal/stm32f0xx_hal.o
                0x00000000080002a4                HAL_GetTick
 .text.HAL_Delay
                0x00000000080002b0       0x1c ./system/src/stm32f0-hal/stm32f0xx_hal.o
                0x00000000080002b0                HAL_Delay
 .text.HAL_NVIC_SetPriority
                0x00000000080002cc       0x78 ./system/src/stm32f0-hal/stm32f0xx_hal_cortex.o
                0x00000000080002cc                HAL_NVIC_SetPriority
 .text.HAL_NVIC_EnableIRQ
                0x0000000008000344       0x28 ./system/src/stm32f0-hal/stm32f0xx_hal_cortex.o
                0x0000000008000344                HAL_NVIC_EnableIRQ
 .text.HAL_NVIC_DisableIRQ
                0x000000000800036c       0x28 ./system/src/stm32f0-hal/stm32f0xx_hal_cortex.o
                0x000000000800036c                HAL_NVIC_DisableIRQ
 .text.HAL_SYSTICK_Config
                0x0000000008000394       0x38 ./system/src/stm32f0-hal/stm32f0xx_hal_cortex.o
                0x0000000008000394                HAL_SYSTICK_Config
 .text.HAL_GPIO_Init
                0x00000000080003cc      0x27c ./system/src/stm32f0-hal/stm32f0xx_hal_gpio.o
                0x00000000080003cc                HAL_GPIO_Init
 .text.HAL_GPIO_ReadPin
                0x0000000008000648       0x28 ./system/src/stm32f0-hal/stm32f0xx_hal_gpio.o
                0x0000000008000648                HAL_GPIO_ReadPin
 .text.HAL_GPIO_WritePin
                0x0000000008000670       0x38 ./system/src/stm32f0-hal/stm32f0xx_hal_gpio.o
                0x0000000008000670                HAL_GPIO_WritePin
 .text.HAL_GPIO_TogglePin
                0x00000000080006a8       0x20 ./system/src/stm32f0-hal/stm32f0xx_hal_gpio.o
                0x00000000080006a8                HAL_GPIO_TogglePin
 .text.HAL_GPIO_EXTI_IRQHandler
                0x00000000080006c8       0x1c ./system/src/stm32f0-hal/stm32f0xx_hal_gpio.o
                0x00000000080006c8                HAL_GPIO_EXTI_IRQHandler
 .text.HAL_RCC_GetSysClockFreq
                0x00000000080006e4       0x68 ./system/src/stm32f0-hal/stm32f0xx_hal_rcc.o
                0x00000000080006e4                HAL_RCC_GetSysClockFreq
 .text.HAL_RCC_GetHCLKFreq
                0x000000000800074c       0x28 ./system/src/stm32f0-hal/stm32f0xx_hal_rcc.o
                0x000000000800074c                HAL_RCC_GetHCLKFreq
 .text.SPI_WaitFifoStateUntilTimeout
                0x0000000008000774       0xc0 ./system/src/stm32f0-hal/stm32f0xx_hal_spi.o
 .text.SPI_WaitFlagStateUntilTimeout
                0x0000000008000834       0xa4 ./system/src/stm32f0-hal/stm32f0xx_hal_spi.o
 .text.SPI_EndRxTxTransaction
                0x00000000080008d8       0x3e ./system/src/stm32f0-hal/stm32f0xx_hal_spi.o
 *fill*         0x0000000008000916        0x2 
 .text.HAL_SPI_Init
                0x0000000008000918      0x284 ./system/src/stm32f0-hal/stm32f0xx_hal_spi.o
                0x0000000008000918                HAL_SPI_Init
 .text.HAL_SPI_TransmitReceive
                0x0000000008000b9c      0x300 ./system/src/stm32f0-hal/stm32f0xx_hal_spi.o
                0x0000000008000b9c                HAL_SPI_TransmitReceive
 .text._exit    0x0000000008000e9c        0x2 ./system/src/newlib/_exit.o
                0x0000000008000e9c                _exit
 *fill*         0x0000000008000e9e        0x2 
 .text.abort    0x0000000008000ea0       0x14 ./system/src/newlib/_exit.o
                0x0000000008000ea0                abort
 .text._sbrk    0x0000000008000eb4       0x48 ./system/src/newlib/_sbrk.o
                0x0000000008000eb4                _sbrk
 .text.__initialize_args
                0x0000000008000efc       0x10 ./system/src/newlib/_syscalls.o
                0x0000000008000efc                __initialize_args
 .text.assert_failed
                0x0000000008000f0c       0x14 ./system/src/newlib/assert.o
                0x0000000008000f0c                assert_failed
 .text.trace_printf
                0x0000000008000f20       0x2c ./system/src/diag/Trace.o
                0x0000000008000f20                trace_printf
 .text.trace_puts
                0x0000000008000f4c       0x20 ./system/src/diag/Trace.o
                0x0000000008000f4c                trace_puts
 .text._trace_write_semihosting_debug
                0x0000000008000f6c       0x60 ./system/src/diag/trace_impl.o
 .text.trace_write
                0x0000000008000fcc        0x8 ./system/src/diag/trace_impl.o
                0x0000000008000fcc                trace_write
 .text.__initialize_hardware_early
                0x0000000008000fd4        0x8 ./system/src/cortexm/_initialize_hardware.o
                0x0000000008000fd4                __initialize_hardware_early
 .text.__initialize_hardware
                0x0000000008000fdc        0x8 ./system/src/cortexm/_initialize_hardware.o
                0x0000000008000fdc                __initialize_hardware
 .text.dumpExceptionStack
                0x0000000008000fe4       0x88 ./system/src/cortexm/exception_handlers.o
                0x0000000008000fe4                dumpExceptionStack
 .text.Default_Handler
                0x000000000800106c        0x2 ./system/src/cmsis/startup_stm32f030x6.o
                0x000000000800106c                TIM1_CC_IRQHandler
                0x000000000800106c                I2C1_IRQHandler
                0x000000000800106c                SPI1_IRQHandler
                0x000000000800106c                EXTI2_3_IRQHandler
                0x000000000800106c                ADC1_IRQHandler
                0x000000000800106c                RTC_IRQHandler
                0x000000000800106c                RCC_IRQHandler
                0x000000000800106c                DMA1_Channel1_IRQHandler
                0x000000000800106c                Default_Handler
                0x000000000800106c                TIM14_IRQHandler
                0x000000000800106c                DMA1_Channel4_5_IRQHandler
                0x000000000800106c                WWDG_IRQHandler
                0x000000000800106c                DMA1_Channel2_3_IRQHandler
                0x000000000800106c                FLASH_IRQHandler
                0x000000000800106c                TIM1_BRK_UP_TRG_COM_IRQHandler
 *fill*         0x000000000800106e        0x2 
 .text.SystemInit
                0x0000000008001070       0x60 ./system/src/cmsis/system_stm32f0xx.o
                0x0000000008001070                SystemInit
 .text.SystemCoreClockUpdate
                0x00000000080010d0       0x8c ./system/src/cmsis/system_stm32f0xx.o
                0x00000000080010d0                SystemCoreClockUpdate
 .text.HAL_GPIO_EXTI_Callback
                0x000000000800115c        0x8 ./src/bluenrg_interface.o
                0x000000000800115c                HAL_GPIO_EXTI_Callback
 .text.relayInit
                0x0000000008001164       0x64 ./src/bt01.o
                0x0000000008001164                relayInit
 .text.relayStatus
                0x00000000080011c8       0x1c ./src/bt01.o
                0x00000000080011c8                relayStatus
 .text.relayToggle
                0x00000000080011e4       0x1c ./src/bt01.o
                0x00000000080011e4                relayToggle
 .text.ledInit  0x0000000008001200       0x60 ./src/bt01.o
                0x0000000008001200                ledInit
 .text.Clock_Time
                0x0000000008001260        0x8 ./src/clock.o
                0x0000000008001260                Clock_Time
 .text.User_Process
                0x0000000008001268       0x5c ./src/main.o
                0x0000000008001268                User_Process
 .text.SystemClock_Config
                0x00000000080012c4      0x188 ./src/main.o
                0x00000000080012c4                SystemClock_Config
 .text.tim3Init
                0x000000000800144c      0x100 ./src/main.o
                0x000000000800144c                tim3Init
 .text.main     0x000000000800154c       0x3c ./src/main.o
                0x000000000800154c                main
 .text.getTokenStr
                0x0000000008001588       0x60 ./src/my_function.o
                0x0000000008001588                getTokenStr
 .text.getShaHash
                0x00000000080015e8      0x1d8 ./src/my_function.o
                0x00000000080015e8                getShaHash
 .text.setTokenStr
                0x00000000080017c0       0x44 ./src/my_function.o
                0x00000000080017c0                setTokenStr
 .text.relayStart
                0x0000000008001804       0x6c ./src/my_function.o
                0x0000000008001804                relayStart
 .text.myTimeOut
                0x0000000008001870       0x70 ./src/my_function.o
                0x0000000008001870                myTimeOut
 .text.Add_Sample_Service
                0x00000000080018e0       0xe8 ./src/my_service.o
                0x00000000080018e0                Add_Sample_Service
 .text.BlueNRG_Init
                0x00000000080019c8       0x7c ./src/my_service.o
                0x00000000080019c8                BlueNRG_Init
 .text.Make_Connection
                0x0000000008001a44       0x40 ./src/my_service.o
                0x0000000008001a44                Make_Connection
 .text.receiveCmd
                0x0000000008001a84       0x3c ./src/my_service.o
                0x0000000008001a84                receiveCmd
 .text.sendResp
                0x0000000008001ac0       0x28 ./src/my_service.o
                0x0000000008001ac0                sendResp
 .text.receiveDataModified
                0x0000000008001ae8       0x88 ./src/my_service.o
                0x0000000008001ae8                receiveDataModified
 .text.sendData
                0x0000000008001b70       0x24 ./src/my_service.o
                0x0000000008001b70                sendData
 .text.Attribute_Modified_CB
                0x0000000008001b94       0x7c ./src/my_service.o
                0x0000000008001b94                Attribute_Modified_CB
 .text.GAP_ConnectionComplete_CB
                0x0000000008001c10       0x14 ./src/my_service.o
                0x0000000008001c10                GAP_ConnectionComplete_CB
 .text.GAP_DisconnectionComplete_CB
                0x0000000008001c24       0x78 ./src/my_service.o
                0x0000000008001c24                GAP_DisconnectionComplete_CB
 .text.HCI_Event_CB
                0x0000000008001c9c       0xc4 ./src/my_service.o
                0x0000000008001c9c                HCI_Event_CB
 .text.HAL_MspInit
                0x0000000008001d60       0x2c ./src/stm32f0xx_hal_msp.o
                0x0000000008001d60                HAL_MspInit
 .text.NMI_Handler
                0x0000000008001d8c        0x2 ./src/stm32xx_it.o
                0x0000000008001d8c                NMI_Handler
 .text.HardFault_Handler
                0x0000000008001d8e        0x2 ./src/stm32xx_it.o
                0x0000000008001d8e                HardFault_Handler
 .text.SVC_Handler
                0x0000000008001d90        0x2 ./src/stm32xx_it.o
                0x0000000008001d90                SVC_Handler
 .text.PendSV_Handler
                0x0000000008001d92        0x2 ./src/stm32xx_it.o
                0x0000000008001d92                PendSV_Handler
 .text.SysTick_Handler
                0x0000000008001d94       0x14 ./src/stm32xx_it.o
                0x0000000008001d94                SysTick_Handler
 .text.EXTI0_1_IRQHandler
                0x0000000008001da8       0x18 ./src/stm32xx_it.o
                0x0000000008001da8                EXTI0_1_IRQHandler
 .text.USART1_IRQHandler
                0x0000000008001dc0        0x2 ./src/stm32xx_it.o
                0x0000000008001dc0                USART1_IRQHandler
 *fill*         0x0000000008001dc2        0x2 
 .text.EXTI4_15_IRQHandler
                0x0000000008001dc4       0x18 ./src/stm32xx_it.o
                0x0000000008001dc4                EXTI4_15_IRQHandler
 .text.TIM3_IRQHandler
                0x0000000008001ddc       0xe4 ./src/stm32xx_it.o
                0x0000000008001ddc                TIM3_IRQHandler
 .text.TIM16_IRQHandler
                0x0000000008001ec0        0x2 ./src/stm32xx_it.o
                0x0000000008001ec0                TIM16_IRQHandler
 .text.TIM17_IRQHandler
                0x0000000008001ec2        0x2 ./src/stm32xx_it.o
                0x0000000008001ec2                TIM17_IRQHandler
 .text.aci_gap_init
                0x0000000008001ec4       0x78 ./bluenrg/src/bluenrg_gap_aci.o
                0x0000000008001ec4                aci_gap_init
 .text.aci_gap_set_discoverable
                0x0000000008001f3c       0xca ./bluenrg/src/bluenrg_gap_aci.o
                0x0000000008001f3c                aci_gap_set_discoverable
 .text.aci_gap_set_auth_requirement
                0x0000000008002006       0x94 ./bluenrg/src/bluenrg_gap_aci.o
                0x0000000008002006                aci_gap_set_auth_requirement
 .text.aci_gap_set_non_connectable
                0x000000000800209a       0x42 ./bluenrg/src/bluenrg_gap_aci.o
                0x000000000800209a                aci_gap_set_non_connectable
 .text.aci_gap_set_undirected_connectable
                0x00000000080020dc       0x46 ./bluenrg/src/bluenrg_gap_aci.o
                0x00000000080020dc                aci_gap_set_undirected_connectable
 .text.aci_gap_terminate
                0x0000000008002122       0x4a ./bluenrg/src/bluenrg_gap_aci.o
                0x0000000008002122                aci_gap_terminate
 .text.aci_gatt_init
                0x000000000800216c       0x3c ./bluenrg/src/bluenrg_gatt_aci.o
                0x000000000800216c                aci_gatt_init
 .text.aci_gatt_add_serv
                0x00000000080021a8       0x7e ./bluenrg/src/bluenrg_gatt_aci.o
                0x00000000080021a8                aci_gatt_add_serv
 .text.aci_gatt_add_char
                0x0000000008002226       0xd6 ./bluenrg/src/bluenrg_gatt_aci.o
                0x0000000008002226                aci_gatt_add_char
 .text.aci_gatt_update_char_value
                0x00000000080022fc       0x84 ./bluenrg/src/bluenrg_gatt_aci.o
                0x00000000080022fc                aci_gatt_update_char_value
 .text.aci_gatt_write_response
                0x0000000008002380       0x8a ./bluenrg/src/bluenrg_gatt_aci.o
                0x0000000008002380                aci_gatt_write_response
 .text.aci_hal_write_config_data
                0x000000000800240a       0x62 ./bluenrg/src/bluenrg_hal_aci.o
                0x000000000800240a                aci_hal_write_config_data
 .text.aci_hal_set_tx_power_level
                0x000000000800246c       0x46 ./bluenrg/src/bluenrg_hal_aci.o
                0x000000000800246c                aci_hal_set_tx_power_level
 .text.Timer_Set
                0x00000000080024b2        0xe ./bluenrg/src/gp_timer.o
                0x00000000080024b2                Timer_Set
 .text.Timer_Expired
                0x00000000080024c0       0x18 ./bluenrg/src/gp_timer.o
                0x00000000080024c0                Timer_Expired
 .text.move_list
                0x00000000080024d8       0x28 ./bluenrg/src/hci.o
 .text.HCI_Init
                0x0000000008002500       0x38 ./bluenrg/src/hci.o
                0x0000000008002500                HCI_Init
 .text.HCI_verify
                0x0000000008002538       0x1e ./bluenrg/src/hci.o
                0x0000000008002538                HCI_verify
 *fill*         0x0000000008002556        0x2 
 .text.HCI_Process
                0x0000000008002558       0x88 ./bluenrg/src/hci.o
                0x0000000008002558                HCI_Process
 .text.HCI_Queue_Empty
                0x00000000080025e0       0x10 ./bluenrg/src/hci.o
                0x00000000080025e0                HCI_Queue_Empty
 .text.HCI_Isr  0x00000000080025f0       0x88 ./bluenrg/src/hci.o
                0x00000000080025f0                HCI_Isr
 .text.hci_write
                0x0000000008002678        0xc ./bluenrg/src/hci.o
                0x0000000008002678                hci_write
 .text.hci_send_cmd
                0x0000000008002684       0x36 ./bluenrg/src/hci.o
                0x0000000008002684                hci_send_cmd
 *fill*         0x00000000080026ba        0x2 
 .text.hci_send_req
                0x00000000080026bc      0x168 ./bluenrg/src/hci.o
                0x00000000080026bc                hci_send_req
 .text.hci_le_set_scan_resp_data
                0x0000000008002824       0x68 ./bluenrg/src/hci.o
                0x0000000008002824                hci_le_set_scan_resp_data
 .text.list_init_head
                0x000000000800288c        0x6 ./bluenrg/src/list.o
                0x000000000800288c                list_init_head
 .text.list_is_empty
                0x0000000008002892        0xc ./bluenrg/src/list.o
                0x0000000008002892                list_is_empty
 .text.list_insert_head
                0x000000000800289e        0xe ./bluenrg/src/list.o
                0x000000000800289e                list_insert_head
 .text.list_insert_tail
                0x00000000080028ac        0xe ./bluenrg/src/list.o
                0x00000000080028ac                list_insert_tail
 .text.list_remove_node
                0x00000000080028ba        0xe ./bluenrg/src/list.o
                0x00000000080028ba                list_remove_node
 .text.list_remove_head
                0x00000000080028c8       0x1a ./bluenrg/src/list.o
                0x00000000080028c8                list_remove_head
 .text.Osal_MemCpy
                0x00000000080028e2        0x8 ./bluenrg/src/osal.o
                0x00000000080028e2                Osal_MemCpy
 .text.Osal_MemSet
                0x00000000080028ea        0x8 ./bluenrg/src/osal.o
                0x00000000080028ea                Osal_MemSet
 *fill*         0x00000000080028f2        0x2 
 .text.HAL_SPI_MspInit
                0x00000000080028f4      0x13c ./bluenrg/src/stm32_bluenrg_ble.o
                0x00000000080028f4                HAL_SPI_MspInit
 .text.BNRG_SPI_Init
                0x0000000008002a30       0x40 ./bluenrg/src/stm32_bluenrg_ble.o
                0x0000000008002a30                BNRG_SPI_Init
 .text.BlueNRG_RST
                0x0000000008002a70       0x28 ./bluenrg/src/stm32_bluenrg_ble.o
                0x0000000008002a70                BlueNRG_RST
 .text.BlueNRG_DataPresent
                0x0000000008002a98       0x14 ./bluenrg/src/stm32_bluenrg_ble.o
                0x0000000008002a98                BlueNRG_DataPresent
 .text.BlueNRG_SPI_Read_All
                0x0000000008002aac       0xb8 ./bluenrg/src/stm32_bluenrg_ble.o
                0x0000000008002aac                BlueNRG_SPI_Read_All
 .text.Enable_SPI_IRQ
                0x0000000008002b64        0xa ./bluenrg/src/stm32_bluenrg_ble.o
                0x0000000008002b64                Enable_SPI_IRQ
 .text.Disable_SPI_IRQ
                0x0000000008002b6e        0xa ./bluenrg/src/stm32_bluenrg_ble.o
                0x0000000008002b6e                Disable_SPI_IRQ
 .text.BlueNRG_SPI_Write
                0x0000000008002b78       0xb0 ./bluenrg/src/stm32_bluenrg_ble.o
                0x0000000008002b78                BlueNRG_SPI_Write
 .text.Hal_Write_Serial
                0x0000000008002c28       0x48 ./bluenrg/src/stm32_bluenrg_ble.o
                0x0000000008002c28                Hal_Write_Serial
 .text.Clear_SPI_EXTI_Flag
                0x0000000008002c70        0xc ./bluenrg/src/stm32_bluenrg_ble.o
                0x0000000008002c70                Clear_SPI_EXTI_Flag
 .text          0x0000000008002c7c      0x114 /home/jet/work/tools/toolchain/gcc-arm-none-eabi-6_2-2016q4/bin/../lib/gcc/arm-none-eabi/6.2.1/thumb/v6-m/libgcc.a(_udivsi3.o)
                0x0000000008002c7c                __udivsi3
                0x0000000008002c7c                __aeabi_uidiv
                0x0000000008002d88                __aeabi_uidivmod
 .text          0x0000000008002d90        0x4 /home/jet/work/tools/toolchain/gcc-arm-none-eabi-6_2-2016q4/bin/../lib/gcc/arm-none-eabi/6.2.1/thumb/v6-m/libgcc.a(_dvmd_tls.o)
                0x0000000008002d90                __aeabi_ldiv0
                0x0000000008002d90                __aeabi_idiv0
 .text.__errno  0x0000000008002d94        0xc /home/jet/work/tools/toolchain/gcc-arm-none-eabi-6_2-2016q4/bin/../lib/gcc/arm-none-eabi/6.2.1/../../../../arm-none-eabi/lib/thumb/v6-m/libg_nano.a(lib_a-errno.o)
                0x0000000008002d94                __errno
 .text.memcpy   0x0000000008002da0       0x12 /home/jet/work/tools/toolchain/gcc-arm-none-eabi-6_2-2016q4/bin/../lib/gcc/arm-none-eabi/6.2.1/../../../../arm-none-eabi/lib/thumb/v6-m/libg_nano.a(lib_a-memcpy-stub.o)
                0x0000000008002da0                memcpy
 .text.memset   0x0000000008002db2       0x10 /home/jet/work/tools/toolchain/gcc-arm-none-eabi-6_2-2016q4/bin/../lib/gcc/arm-none-eabi/6.2.1/../../../../arm-none-eabi/lib/thumb/v6-m/libg_nano.a(lib_a-memset.o)
                0x0000000008002db2                memset
 .text          0x0000000008002dc2        0xe /home/jet/work/tools/toolchain/gcc-arm-none-eabi-6_2-2016q4/bin/../lib/gcc/arm-none-eabi/6.2.1/../../../../arm-none-eabi/lib/thumb/v6-m/libg_nano.a(lib_a-strlen.o)
                0x0000000008002dc2                strlen
 .text._vsnprintf_r
                0x0000000008002dd0       0x56 /home/jet/work/tools/toolchain/gcc-arm-none-eabi-6_2-2016q4/bin/../lib/gcc/arm-none-eabi/6.2.1/../../../../arm-none-eabi/lib/thumb/v6-m/libg_nano.a(lib_a-vsnprintf.o)
                0x0000000008002dd0                _vsnprintf_r
                0x0000000008002dd0                _vsniprintf_r
 *fill*         0x0000000008002e26        0x2 
 .text.vsnprintf
                0x0000000008002e28       0x18 /home/jet/work/tools/toolchain/gcc-arm-none-eabi-6_2-2016q4/bin/../lib/gcc/arm-none-eabi/6.2.1/../../../../arm-none-eabi/lib/thumb/v6-m/libg_nano.a(lib_a-vsnprintf.o)
                0x0000000008002e28                vsnprintf
                0x0000000008002e28                vsniprintf
 .text.__ssputs_r
                0x0000000008002e40       0xc4 /home/jet/work/tools/toolchain/gcc-arm-none-eabi-6_2-2016q4/bin/../lib/gcc/arm-none-eabi/6.2.1/../../../../arm-none-eabi/lib/thumb/v6-m/libg_nano.a(lib_a-nano-svfprintf.o)
                0x0000000008002e40                __ssputs_r
 .text._svfprintf_r
                0x0000000008002f04      0x208 /home/jet/work/tools/toolchain/gcc-arm-none-eabi-6_2-2016q4/bin/../lib/gcc/arm-none-eabi/6.2.1/../../../../arm-none-eabi/lib/thumb/v6-m/libg_nano.a(lib_a-nano-svfprintf.o)
                0x0000000008002f04                _svfprintf_r
                0x0000000008002f04                _svfiprintf_r
 .text._printf_common
                0x000000000800310c       0xda /home/jet/work/tools/toolchain/gcc-arm-none-eabi-6_2-2016q4/bin/../lib/gcc/arm-none-eabi/6.2.1/../../../../arm-none-eabi/lib/thumb/v6-m/libg_nano.a(lib_a-nano-vfprintf_i.o)
                0x000000000800310c                _printf_common
 *fill*         0x00000000080031e6        0x2 
 .text._printf_i
                0x00000000080031e8      0x234 /home/jet/work/tools/toolchain/gcc-arm-none-eabi-6_2-2016q4/bin/../lib/gcc/arm-none-eabi/6.2.1/../../../../arm-none-eabi/lib/thumb/v6-m/libg_nano.a(lib_a-nano-vfprintf_i.o)
                0x00000000080031e8                _printf_i
 .text.memchr   0x000000000800341c       0x16 /home/jet/work/tools/toolchain/gcc-arm-none-eabi-6_2-2016q4/bin/../lib/gcc/arm-none-eabi/6.2.1/../../../../arm-none-eabi/lib/thumb/v6-m/libg_nano.a(lib_a-memchr-stub.o)
                0x000000000800341c                memchr
 .text.memmove  0x0000000008003432       0x24 /home/jet/work/tools/toolchain/gcc-arm-none-eabi-6_2-2016q4/bin/../lib/gcc/arm-none-eabi/6.2.1/../../../../arm-none-eabi/lib/thumb/v6-m/libg_nano.a(lib_a-memmove.o)
                0x0000000008003432                memmove
 *fill*         0x0000000008003456        0x2 
 .text._free_r  0x0000000008003458       0x94 /home/jet/work/tools/toolchain/gcc-arm-none-eabi-6_2-2016q4/bin/../lib/gcc/arm-none-eabi/6.2.1/../../../../arm-none-eabi/lib/thumb/v6-m/libg_nano.a(lib_a-nano-freer.o)
                0x0000000008003458                _free_r
 .text._malloc_r
                0x00000000080034ec       0xbc /home/jet/work/tools/toolchain/gcc-arm-none-eabi-6_2-2016q4/bin/../lib/gcc/arm-none-eabi/6.2.1/../../../../arm-none-eabi/lib/thumb/v6-m/libg_nano.a(lib_a-nano-mallocr.o)
                0x00000000080034ec                _malloc_r
 .text._realloc_r
                0x00000000080035a8       0x4c /home/jet/work/tools/toolchain/gcc-arm-none-eabi-6_2-2016q4/bin/../lib/gcc/arm-none-eabi/6.2.1/../../../../arm-none-eabi/lib/thumb/v6-m/libg_nano.a(lib_a-nano-reallocr.o)
                0x00000000080035a8                _realloc_r
 .text._sbrk_r  0x00000000080035f4       0x24 /home/jet/work/tools/toolchain/gcc-arm-none-eabi-6_2-2016q4/bin/../lib/gcc/arm-none-eabi/6.2.1/../../../../arm-none-eabi/lib/thumb/v6-m/libg_nano.a(lib_a-sbrkr.o)
                0x00000000080035f4                _sbrk_r
 .text.__malloc_lock
                0x0000000008003618        0x2 /home/jet/work/tools/toolchain/gcc-arm-none-eabi-6_2-2016q4/bin/../lib/gcc/arm-none-eabi/6.2.1/../../../../arm-none-eabi/lib/thumb/v6-m/libg_nano.a(lib_a-mlock.o)
                0x0000000008003618                __malloc_lock
 .text.__malloc_unlock
                0x000000000800361a        0x2 /home/jet/work/tools/toolchain/gcc-arm-none-eabi-6_2-2016q4/bin/../lib/gcc/arm-none-eabi/6.2.1/../../../../arm-none-eabi/lib/thumb/v6-m/libg_nano.a(lib_a-mlock.o)
                0x000000000800361a                __malloc_unlock
 .text._malloc_usable_size_r
                0x000000000800361c       0x10 /home/jet/work/tools/toolchain/gcc-arm-none-eabi-6_2-2016q4/bin/../lib/gcc/arm-none-eabi/6.2.1/../../../../arm-none-eabi/lib/thumb/v6-m/libg_nano.a(lib_a-nano-msizer.o)
                0x000000000800361c                _malloc_usable_size_r
 *(.rodata .rodata.* .constdata .constdata.*)
 .rodata.HAL_NVIC_SetPriority.str1.4
                0x000000000800362c       0x31 ./system/src/stm32f0-hal/stm32f0xx_hal_cortex.o
 *fill*         0x000000000800365d        0x3 
 .rodata.HAL_GPIO_Init.str1.4
                0x0000000008003660       0x2f ./system/src/stm32f0-hal/stm32f0xx_hal_gpio.o
 *fill*         0x000000000800368f        0x1 
 .rodata        0x0000000008003690       0x20 ./system/src/stm32f0-hal/stm32f0xx_hal_rcc.o
 .rodata.aAPBAHBPrescTable
                0x00000000080036b0       0x10 ./system/src/stm32f0-hal/stm32f0xx_hal_rcc.o
                0x00000000080036b0                aAPBAHBPrescTable
 .rodata.HAL_SPI_Init.str1.4
                0x00000000080036c0       0x2e ./system/src/stm32f0-hal/stm32f0xx_hal_spi.o
 *fill*         0x00000000080036ee        0x2 
 .rodata.abort.str1.4
                0x00000000080036f0       0x14 ./system/src/newlib/_exit.o
 .rodata.assert_failed.str1.4
                0x0000000008003704       0x2b ./system/src/newlib/assert.o
 .rodata.trace_puts.str1.4
                0x000000000800372f       0x2b ./system/src/diag/Trace.o
                                          0x2 (size before relaxing)
 *fill*         0x000000000800372f        0x1 
 .rodata.dumpExceptionStack.str1.4
                0x0000000008003730       0xae ./system/src/cortexm/exception_handlers.o
 *fill*         0x00000000080037de        0x2 
 .rodata.str1.4
                0x00000000080037e0       0x10 ./system/src/cortexm/exception_handlers.o
                                          0xd (size before relaxing)
 .rodata.LED_PIN
                0x00000000080037f0        0x4 ./src/bt01.o
                0x00000000080037f0                LED_PIN
 .rodata.RELAY_PIN
                0x00000000080037f4        0x4 ./src/bt01.o
                0x00000000080037f4                RELAY_PIN
 .rodata.CLOCK_SECOND
                0x00000000080037f8        0x4 ./src/clock.o
                0x00000000080037f8                CLOCK_SECOND
 .rodata        0x00000000080037fc       0x14 ./src/my_function.o
 .rodata.Device_UUID
                0x0000000008003810       0x21 ./src/my_function.o
 *fill*         0x0000000008003831        0x3 
 .rodata.ch     0x0000000008003834       0x3e ./src/my_function.o
 *fill*         0x0000000008003872        0x2 
 .rodata        0x0000000008003874       0x55 ./src/my_service.o
 .rodata._svfprintf_r.str1.1
                0x00000000080038c9       0x11 /home/jet/work/tools/toolchain/gcc-arm-none-eabi-6_2-2016q4/bin/../lib/gcc/arm-none-eabi/6.2.1/../../../../arm-none-eabi/lib/thumb/v6-m/libg_nano.a(lib_a-nano-svfprintf.o)
 .rodata._printf_i.str1.1
                0x00000000080038da       0x22 /home/jet/work/tools/toolchain/gcc-arm-none-eabi-6_2-2016q4/bin/../lib/gcc/arm-none-eabi/6.2.1/../../../../arm-none-eabi/lib/thumb/v6-m/libg_nano.a(lib_a-nano-vfprintf_i.o)
 *(vtable)
 *(.eh_frame*)
 *(.glue_7)
 .glue_7        0x00000000080038fc        0x0 linker stubs
 *(.glue_7t)
 .glue_7t       0x00000000080038fc        0x0 linker stubs

.vfp11_veneer   0x00000000080038fc        0x0
 .vfp11_veneer  0x00000000080038fc        0x0 linker stubs

.v4_bx          0x00000000080038fc        0x0
 .v4_bx         0x00000000080038fc        0x0 linker stubs

.iplt           0x00000000080038fc        0x0
 .iplt          0x00000000080038fc        0x0 ./system/src/stm32f0-hal/stm32f0xx_hal.o

.rel.dyn        0x00000000080038fc        0x0
 .rel.iplt      0x00000000080038fc        0x0 ./system/src/stm32f0-hal/stm32f0xx_hal.o

.ARM.extab
 *(.ARM.extab* .gnu.linkonce.armextab.*)
                0x00000000080038fc                . = ALIGN (0x4)
                0x00000000080038fc                __exidx_start = .

.ARM.exidx
 *(.ARM.exidx* .gnu.linkonce.armexidx.*)
                0x00000000080038fc                __exidx_end = .
                0x00000000080038fc                . = ALIGN (0x4)
                0x00000000080038fc                _etext = .
                0x00000000080038fc                __etext = .

.data_CCMRAM    0x0000000000000000        0x0 load address 0x00000000080038fc
 FILL mask 0xff
 *(.data.CCMRAM .data.CCMRAM.*)
                0x0000000000000000                . = ALIGN (0x4)
                0x00000000080038fc                _sidata = LOADADDR (.data)

.data           0x0000000020000000       0xa0 load address 0x00000000080038fc
 FILL mask 0xff
                0x0000000020000000                _sdata = .
                0x0000000020000000                __data_start__ = .
 *(.data_begin .data_begin.*)
 .data_begin    0x0000000020000000        0x4 ./system/src/newlib/_startup.o
 *(.data .data.*)
 .data.argv.4243
                0x0000000020000004        0x8 ./system/src/newlib/_syscalls.o
 .data.AHBPrescTable
                0x000000002000000c       0x10 ./system/src/cmsis/system_stm32f0xx.o
                0x000000002000000c                AHBPrescTable
 .data.SystemCoreClock
                0x000000002000001c        0x4 ./system/src/cmsis/system_stm32f0xx.o
                0x000000002000001c                SystemCoreClock
 .data.LED_PORT
                0x0000000020000020        0x8 ./src/bt01.o
                0x0000000020000020                LED_PORT
 .data.RELAY_PORT
                0x0000000020000028        0x8 ./src/bt01.o
                0x0000000020000028                RELAY_PORT
 .data.Pin      0x0000000020000030        0x4 ./src/my_function.o
                0x0000000020000030                Pin
 .data.set_connectable
                0x0000000020000034        0x1 ./src/my_service.o
                0x0000000020000034                set_connectable
 *fill*         0x0000000020000035        0x3 ff
 .data._impure_ptr
                0x0000000020000038        0x4 /home/jet/work/tools/toolchain/gcc-arm-none-eabi-6_2-2016q4/bin/../lib/gcc/arm-none-eabi/6.2.1/../../../../arm-none-eabi/lib/thumb/v6-m/libg_nano.a(lib_a-impure.o)
                0x0000000020000038                _impure_ptr
 .data.impure_data
                0x000000002000003c       0x60 /home/jet/work/tools/toolchain/gcc-arm-none-eabi-6_2-2016q4/bin/../lib/gcc/arm-none-eabi/6.2.1/../../../../arm-none-eabi/lib/thumb/v6-m/libg_nano.a(lib_a-impure.o)
 *(.data_end .data_end.*)
 .data_end      0x000000002000009c        0x4 ./system/src/newlib/_startup.o
                0x00000000200000a0                . = ALIGN (0x4)
                0x00000000200000a0                _edata = .
                0x00000000200000a0                __data_end__ = .

.igot.plt       0x00000000200000a0        0x0 load address 0x000000000800399c
 .igot.plt      0x00000000200000a0        0x0 ./system/src/stm32f0-hal/stm32f0xx_hal.o

.bss_CCMRAM     0x0000000000000000        0x0
 *(.bss.CCMRAM .bss.CCMRAM.*)

.bss            0x00000000200000a0      0x60c
                0x00000000200000a0                __bss_start__ = .
                0x00000000200000a0                _sbss = .
 *(.bss_begin .bss_begin.*)
 .bss_begin     0x00000000200000a0        0x4 ./system/src/newlib/_startup.o
 *(.bss .bss.*)
 .bss.uwTick    0x00000000200000a4        0x4 ./system/src/stm32f0-hal/stm32f0xx_hal.o
 .bss.current_heap_end.3927
                0x00000000200000a8        0x4 ./system/src/newlib/_sbrk.o
 .bss.name.4242
                0x00000000200000ac        0x1 ./system/src/newlib/_syscalls.o
 *fill*         0x00000000200000ad        0x3 
 .bss.buf.5132  0x00000000200000b0       0x80 ./system/src/diag/Trace.o
 .bss.connected
                0x0000000020000130        0x4 ./src/my_service.o
                0x0000000020000130                connected
 .bss.connection_handle
                0x0000000020000134        0x2 ./src/my_service.o
                0x0000000020000134                connection_handle
 .bss.notification_enabled
                0x0000000020000136        0x1 ./src/my_service.o
                0x0000000020000136                notification_enabled
 .bss.button_event
                0x0000000020000137        0x1 ./src/stm32xx_it.o
                0x0000000020000137                button_event
 .bss.ms_counter
                0x0000000020000138        0x4 ./src/stm32xx_it.o
                0x0000000020000138                ms_counter
 .bss.hciReadPacketBuffer
                0x000000002000013c      0x2bc ./bluenrg/src/hci.o
 .bss.readPacketListFull
                0x00000000200003f8        0x1 ./bluenrg/src/hci.o
 *fill*         0x00000000200003f9        0x3 
 .bss.__malloc_free_list
                0x00000000200003fc        0x4 /home/jet/work/tools/toolchain/gcc-arm-none-eabi-6_2-2016q4/bin/../lib/gcc/arm-none-eabi/6.2.1/../../../../arm-none-eabi/lib/thumb/v6-m/libg_nano.a(lib_a-nano-mallocr.o)
                0x00000000200003fc                __malloc_free_list
 .bss.__malloc_sbrk_start
                0x0000000020000400        0x4 /home/jet/work/tools/toolchain/gcc-arm-none-eabi-6_2-2016q4/bin/../lib/gcc/arm-none-eabi/6.2.1/../../../../arm-none-eabi/lib/thumb/v6-m/libg_nano.a(lib_a-nano-mallocr.o)
                0x0000000020000400                __malloc_sbrk_start
 *(COMMON)
 COMMON         0x0000000020000404        0x4 ./system/src/newlib/_syscalls.o
                0x0000000020000404                errno
 COMMON         0x0000000020000408      0x1a6 ./src/main.o
                0x0000000020000408                TIM_TimeBaseStructure
                0x000000002000041c                uart_header
                0x0000000020000420                UartHandle
                0x0000000020000490                TIM_OCInitStructure
                0x00000000200004ac                aRxBuffer
                0x00000000200005ac                myWD
 *fill*         0x00000000200005ae        0x2 
 COMMON         0x00000000200005b0        0xc ./src/my_function.o
                0x00000000200005b0                appearance_char_handle
                0x00000000200005b4                disconnCount
                0x00000000200005b8                dev_name_char_handle
                0x00000000200005ba                service_handle
 COMMON         0x00000000200005bc       0x75 ./src/my_service.o
                0x00000000200005bc                tx_handle
                0x00000000200005be                tokenPart
                0x00000000200005bf                reqAuth
                0x00000000200005c0                strCharHandle
                0x00000000200005c4                shaHash
                0x00000000200005ee                rx_handle
                0x00000000200005f0                cmdCharHandle
                0x00000000200005f2                authorized
                0x00000000200005f4                respCharHandle
                0x00000000200005f6                sampleServHandle
                0x00000000200005f8                resetCount
                0x00000000200005fc                tknStr
 *fill*         0x0000000020000631        0x3 
 COMMON         0x0000000020000634       0x10 ./bluenrg/src/hci.o
                0x0000000020000634                hciReadPktPool
                0x000000002000063c                hciReadPktRxQueue
 COMMON         0x0000000020000644       0x64 ./bluenrg/src/stm32_bluenrg_ble.o
                0x0000000020000644                SpiHandle
 *(.bss_end .bss_end.*)
 .bss_end       0x00000000200006a8        0x4 ./system/src/newlib/_startup.o
                0x00000000200006ac                . = ALIGN (0x4)
                0x00000000200006ac                __bss_end__ = .
                0x00000000200006ac                _ebss = .

.noinit_CCMRAM
 *(.noinit.CCMRAM .noinit.CCMRAM.*)

.noinit         0x00000000200006ac        0x0
                0x00000000200006ac                _noinit = .
 *(.noinit .noinit.*)
                0x00000000200006ac                . = ALIGN (0x4)
                0x00000000200006ac                _end_noinit = .
                [!provide]                        PROVIDE (end, _end_noinit)
                [!provide]                        PROVIDE (_end, _end_noinit)
                [!provide]                        PROVIDE (__end, _end_noinit)
                [!provide]                        PROVIDE (__end__, _end_noinit)

._check_stack   0x00000000200006ac      0x100
                0x00000000200007ac                . = (. + _Minimum_Stack_Size)
 *fill*         0x00000000200006ac      0x100 

.b1text
 *(.b1text)
 *(.b1rodata)
 *(.b1rodata.*)

.eb0text
 *(.eb0text)
 *(.eb0rodata)
 *(.eb0rodata.*)

.eb1text
 *(.eb1text)
 *(.eb1rodata)
 *(.eb1rodata.*)

.eb2text
 *(.eb2text)
 *(.eb2rodata)
 *(.eb2rodata.*)

.eb3text
 *(.eb3text)
 *(.eb3rodata)
 *(.eb3rodata.*)

.stab
 *(.stab)

.stabstr
 *(.stabstr)

.stab.excl
 *(.stab.excl)

.stab.exclstr
 *(.stab.exclstr)

.stab.index
 *(.stab.index)

.stab.indexstr
 *(.stab.indexstr)

.comment        0x0000000000000000       0x6e
 *(.comment)
 .comment       0x0000000000000000       0x6e ./system/src/stm32f0-hal/stm32f0xx_hal.o
                                         0x6f (size before relaxing)
 .comment       0x000000000000006e       0x6f ./system/src/stm32f0-hal/stm32f0xx_hal_cortex.o
 .comment       0x000000000000006e       0x6f ./system/src/stm32f0-hal/stm32f0xx_hal_gpio.o
 .comment       0x000000000000006e       0x6f ./system/src/stm32f0-hal/stm32f0xx_hal_rcc.o
 .comment       0x000000000000006e       0x6f ./system/src/stm32f0-hal/stm32f0xx_hal_spi.o
 .comment       0x000000000000006e       0x6f ./system/src/newlib/_exit.o
 .comment       0x000000000000006e       0x6f ./system/src/newlib/_sbrk.o
 .comment       0x000000000000006e       0x6f ./system/src/newlib/_startup.o
 .comment       0x000000000000006e       0x6f ./system/src/newlib/_syscalls.o
 .comment       0x000000000000006e       0x6f ./system/src/newlib/assert.o
 .comment       0x000000000000006e       0x6f ./system/src/diag/Trace.o
 .comment       0x000000000000006e       0x6f ./system/src/diag/trace_impl.o
 .comment       0x000000000000006e       0x6f ./system/src/cortexm/_initialize_hardware.o
 .comment       0x000000000000006e       0x6f ./system/src/cortexm/exception_handlers.o
 .comment       0x000000000000006e       0x6f ./system/src/cmsis/system_stm32f0xx.o
 .comment       0x000000000000006e       0x6f ./src/bluenrg_interface.o
 .comment       0x000000000000006e       0x6f ./src/bt01.o
 .comment       0x000000000000006e       0x6f ./src/clock.o
 .comment       0x000000000000006e       0x6f ./src/main.o
 .comment       0x000000000000006e       0x6f ./src/my_function.o
 .comment       0x000000000000006e       0x6f ./src/my_service.o
 .comment       0x000000000000006e       0x6f ./src/stm32f0xx_hal_msp.o
 .comment       0x000000000000006e       0x6f ./src/stm32xx_it.o
 .comment       0x000000000000006e       0x6f ./bluenrg/src/bluenrg_gap_aci.o
 .comment       0x000000000000006e       0x6f ./bluenrg/src/bluenrg_gatt_aci.o
 .comment       0x000000000000006e       0x6f ./bluenrg/src/bluenrg_hal_aci.o
 .comment       0x000000000000006e       0x6f ./bluenrg/src/gp_timer.o
 .comment       0x000000000000006e       0x6f ./bluenrg/src/hci.o
 .comment       0x000000000000006e       0x6f ./bluenrg/src/list.o
 .comment       0x000000000000006e       0x6f ./bluenrg/src/osal.o
 .comment       0x000000000000006e       0x6f ./bluenrg/src/stm32_bluenrg_ble.o

.ARM.attributes
                0x0000000000000000       0x2f
 .ARM.attributes
                0x0000000000000000       0x31 ./system/src/stm32f0-hal/stm32f0xx_hal.o
 .ARM.attributes
                0x0000000000000031       0x31 ./system/src/stm32f0-hal/stm32f0xx_hal_cortex.o
 .ARM.attributes
                0x0000000000000062       0x31 ./system/src/stm32f0-hal/stm32f0xx_hal_gpio.o
 .ARM.attributes
                0x0000000000000093       0x31 ./system/src/stm32f0-hal/stm32f0xx_hal_rcc.o
 .ARM.attributes
                0x00000000000000c4       0x31 ./system/src/stm32f0-hal/stm32f0xx_hal_spi.o
 .ARM.attributes
                0x00000000000000f5       0x31 ./system/src/newlib/_exit.o
 .ARM.attributes
                0x0000000000000126       0x31 ./system/src/newlib/_sbrk.o
 .ARM.attributes
                0x0000000000000157       0x31 ./system/src/newlib/_startup.o
 .ARM.attributes
                0x0000000000000188       0x31 ./system/src/newlib/_syscalls.o
 .ARM.attributes
                0x00000000000001b9       0x31 ./system/src/newlib/assert.o
 .ARM.attributes
                0x00000000000001ea       0x31 ./system/src/diag/Trace.o
 .ARM.attributes
                0x000000000000021b       0x31 ./system/src/diag/trace_impl.o
 .ARM.attributes
                0x000000000000024c       0x31 ./system/src/cortexm/_initialize_hardware.o
 .ARM.attributes
                0x000000000000027d       0x31 ./system/src/cortexm/exception_handlers.o
 .ARM.attributes
                0x00000000000002ae       0x21 ./system/src/cmsis/startup_stm32f030x6.o
 .ARM.attributes
                0x00000000000002cf       0x31 ./system/src/cmsis/system_stm32f0xx.o
 .ARM.attributes
                0x0000000000000300       0x31 ./src/bluenrg_interface.o
 .ARM.attributes
                0x0000000000000331       0x31 ./src/bt01.o
 .ARM.attributes
                0x0000000000000362       0x31 ./src/clock.o
 .ARM.attributes
                0x0000000000000393       0x31 ./src/main.o
 .ARM.attributes
                0x00000000000003c4       0x31 ./src/my_function.o
 .ARM.attributes
                0x00000000000003f5       0x31 ./src/my_service.o
 .ARM.attributes
                0x0000000000000426       0x31 ./src/stm32f0xx_hal_msp.o
 .ARM.attributes
                0x0000000000000457       0x31 ./src/stm32xx_it.o
 .ARM.attributes
                0x0000000000000488       0x31 ./bluenrg/src/bluenrg_gap_aci.o
 .ARM.attributes
                0x00000000000004b9       0x31 ./bluenrg/src/bluenrg_gatt_aci.o
 .ARM.attributes
                0x00000000000004ea       0x31 ./bluenrg/src/bluenrg_hal_aci.o
 .ARM.attributes
                0x000000000000051b       0x31 ./bluenrg/src/gp_timer.o
 .ARM.attributes
                0x000000000000054c       0x31 ./bluenrg/src/hci.o
 .ARM.attributes
                0x000000000000057d       0x31 ./bluenrg/src/list.o
 .ARM.attributes
                0x00000000000005ae       0x31 ./bluenrg/src/osal.o
 .ARM.attributes
                0x00000000000005df       0x31 ./bluenrg/src/stm32_bluenrg_ble.o
 .ARM.attributes
                0x0000000000000610       0x1e /home/jet/work/tools/toolchain/gcc-arm-none-eabi-6_2-2016q4/bin/../lib/gcc/arm-none-eabi/6.2.1/thumb/v6-m/libgcc.a(_udivsi3.o)
 .ARM.attributes
                0x000000000000062e       0x1e /home/jet/work/tools/toolchain/gcc-arm-none-eabi-6_2-2016q4/bin/../lib/gcc/arm-none-eabi/6.2.1/thumb/v6-m/libgcc.a(_dvmd_tls.o)
 .ARM.attributes
                0x000000000000064c       0x2c /home/jet/work/tools/toolchain/gcc-arm-none-eabi-6_2-2016q4/bin/../lib/gcc/arm-none-eabi/6.2.1/../../../../arm-none-eabi/lib/thumb/v6-m/libg_nano.a(lib_a-errno.o)
 .ARM.attributes
                0x0000000000000678       0x2c /home/jet/work/tools/toolchain/gcc-arm-none-eabi-6_2-2016q4/bin/../lib/gcc/arm-none-eabi/6.2.1/../../../../arm-none-eabi/lib/thumb/v6-m/libg_nano.a(lib_a-impure.o)
 .ARM.attributes
                0x00000000000006a4       0x2c /home/jet/work/tools/toolchain/gcc-arm-none-eabi-6_2-2016q4/bin/../lib/gcc/arm-none-eabi/6.2.1/../../../../arm-none-eabi/lib/thumb/v6-m/libg_nano.a(lib_a-memcpy-stub.o)
 .ARM.attributes
                0x00000000000006d0       0x2c /home/jet/work/tools/toolchain/gcc-arm-none-eabi-6_2-2016q4/bin/../lib/gcc/arm-none-eabi/6.2.1/../../../../arm-none-eabi/lib/thumb/v6-m/libg_nano.a(lib_a-memset.o)
 .ARM.attributes
                0x00000000000006fc       0x1c /home/jet/work/tools/toolchain/gcc-arm-none-eabi-6_2-2016q4/bin/../lib/gcc/arm-none-eabi/6.2.1/../../../../arm-none-eabi/lib/thumb/v6-m/libg_nano.a(lib_a-strlen.o)
 .ARM.attributes
                0x0000000000000718       0x2c /home/jet/work/tools/toolchain/gcc-arm-none-eabi-6_2-2016q4/bin/../lib/gcc/arm-none-eabi/6.2.1/../../../../arm-none-eabi/lib/thumb/v6-m/libg_nano.a(lib_a-vsnprintf.o)
 .ARM.attributes
                0x0000000000000744       0x2c /home/jet/work/tools/toolchain/gcc-arm-none-eabi-6_2-2016q4/bin/../lib/gcc/arm-none-eabi/6.2.1/../../../../arm-none-eabi/lib/thumb/v6-m/libg_nano.a(lib_a-nano-svfprintf.o)
 .ARM.attributes
                0x0000000000000770       0x2c /home/jet/work/tools/toolchain/gcc-arm-none-eabi-6_2-2016q4/bin/../lib/gcc/arm-none-eabi/6.2.1/../../../../arm-none-eabi/lib/thumb/v6-m/libg_nano.a(lib_a-nano-vfprintf_i.o)
 .ARM.attributes
                0x000000000000079c       0x2c /home/jet/work/tools/toolchain/gcc-arm-none-eabi-6_2-2016q4/bin/../lib/gcc/arm-none-eabi/6.2.1/../../../../arm-none-eabi/lib/thumb/v6-m/libg_nano.a(lib_a-memchr-stub.o)
 .ARM.attributes
                0x00000000000007c8       0x2c /home/jet/work/tools/toolchain/gcc-arm-none-eabi-6_2-2016q4/bin/../lib/gcc/arm-none-eabi/6.2.1/../../../../arm-none-eabi/lib/thumb/v6-m/libg_nano.a(lib_a-memmove.o)
 .ARM.attributes
                0x00000000000007f4       0x2c /home/jet/work/tools/toolchain/gcc-arm-none-eabi-6_2-2016q4/bin/../lib/gcc/arm-none-eabi/6.2.1/../../../../arm-none-eabi/lib/thumb/v6-m/libg_nano.a(lib_a-nano-freer.o)
 .ARM.attributes
                0x0000000000000820       0x2c /home/jet/work/tools/toolchain/gcc-arm-none-eabi-6_2-2016q4/bin/../lib/gcc/arm-none-eabi/6.2.1/../../../../arm-none-eabi/lib/thumb/v6-m/libg_nano.a(lib_a-nano-mallocr.o)
 .ARM.attributes
                0x000000000000084c       0x2c /home/jet/work/tools/toolchain/gcc-arm-none-eabi-6_2-2016q4/bin/../lib/gcc/arm-none-eabi/6.2.1/../../../../arm-none-eabi/lib/thumb/v6-m/libg_nano.a(lib_a-nano-reallocr.o)
 .ARM.attributes
                0x0000000000000878       0x2c /home/jet/work/tools/toolchain/gcc-arm-none-eabi-6_2-2016q4/bin/../lib/gcc/arm-none-eabi/6.2.1/../../../../arm-none-eabi/lib/thumb/v6-m/libg_nano.a(lib_a-sbrkr.o)
 .ARM.attributes
                0x00000000000008a4       0x2c /home/jet/work/tools/toolchain/gcc-arm-none-eabi-6_2-2016q4/bin/../lib/gcc/arm-none-eabi/6.2.1/../../../../arm-none-eabi/lib/thumb/v6-m/libg_nano.a(lib_a-mlock.o)
 .ARM.attributes
                0x00000000000008d0       0x2c /home/jet/work/tools/toolchain/gcc-arm-none-eabi-6_2-2016q4/bin/../lib/gcc/arm-none-eabi/6.2.1/../../../../arm-none-eabi/lib/thumb/v6-m/libg_nano.a(lib_a-nano-msizer.o)

.debug
 *(.debug)

.line
 *(.line)

.debug_srcinfo
 *(.debug_srcinfo)

.debug_sfnames
 *(.debug_sfnames)

.debug_aranges  0x0000000000000000      0xdb8
 *(.debug_aranges)
 .debug_aranges
                0x0000000000000000       0xa0 ./system/src/stm32f0-hal/stm32f0xx_hal.o
 .debug_aranges
                0x00000000000000a0       0x78 ./system/src/stm32f0-hal/stm32f0xx_hal_cortex.o
 .debug_aranges
                0x0000000000000118       0x58 ./system/src/stm32f0-hal/stm32f0xx_hal_gpio.o
 .debug_aranges
                0x0000000000000170       0x80 ./system/src/stm32f0-hal/stm32f0xx_hal_rcc.o
 .debug_aranges
                0x00000000000001f0      0x1b8 ./system/src/stm32f0-hal/stm32f0xx_hal_spi.o
 .debug_aranges
                0x00000000000003a8       0x28 ./system/src/newlib/_exit.o
 .debug_aranges
                0x00000000000003d0       0x20 ./system/src/newlib/_sbrk.o
 .debug_aranges
                0x00000000000003f0       0x40 ./system/src/newlib/_startup.o
 .debug_aranges
                0x0000000000000430       0x30 ./system/src/newlib/_syscalls.o
 .debug_aranges
                0x0000000000000460       0x28 ./system/src/newlib/assert.o
 .debug_aranges
                0x0000000000000488       0x38 ./system/src/diag/Trace.o
 .debug_aranges
                0x00000000000004c0       0x30 ./system/src/diag/trace_impl.o
 .debug_aranges
                0x00000000000004f0       0x28 ./system/src/cortexm/_initialize_hardware.o
 .debug_aranges
                0x0000000000000518       0x58 ./system/src/cortexm/exception_handlers.o
 .debug_aranges
                0x0000000000000570       0x28 ./system/src/cmsis/startup_stm32f030x6.o
 .debug_aranges
                0x0000000000000598       0x28 ./system/src/cmsis/system_stm32f0xx.o
 .debug_aranges
                0x00000000000005c0       0x20 ./src/bluenrg_interface.o
 .debug_aranges
                0x00000000000005e0       0x70 ./src/bt01.o
 .debug_aranges
                0x0000000000000650       0x30 ./src/clock.o
 .debug_aranges
                0x0000000000000680       0x38 ./src/main.o
 .debug_aranges
                0x00000000000006b8       0x48 ./src/my_function.o
 .debug_aranges
                0x0000000000000700       0x70 ./src/my_service.o
 .debug_aranges
                0x0000000000000770       0x30 ./src/stm32f0xx_hal_msp.o
 .debug_aranges
                0x00000000000007a0       0x78 ./src/stm32xx_it.o
 .debug_aranges
                0x0000000000000818      0x130 ./bluenrg/src/bluenrg_gap_aci.o
 .debug_aranges
                0x0000000000000948      0x168 ./bluenrg/src/bluenrg_gatt_aci.o
 .debug_aranges
                0x0000000000000ab0       0x40 ./bluenrg/src/bluenrg_hal_aci.o
 .debug_aranges
                0x0000000000000af0       0x40 ./bluenrg/src/gp_timer.o
 .debug_aranges
                0x0000000000000b30      0x158 ./bluenrg/src/hci.o
 .debug_aranges
                0x0000000000000c88       0x78 ./bluenrg/src/list.o
 .debug_aranges
                0x0000000000000d00       0x28 ./bluenrg/src/osal.o
 .debug_aranges
                0x0000000000000d28       0x90 ./bluenrg/src/stm32_bluenrg_ble.o

.debug_pubnames
 *(.debug_pubnames)

.debug_info     0x0000000000000000    0x225ac
 *(.debug_info .gnu.linkonce.wi.*)
 .debug_info    0x0000000000000000      0xd80 ./system/src/stm32f0-hal/stm32f0xx_hal.o
 .debug_info    0x0000000000000d80     0x1023 ./system/src/stm32f0-hal/stm32f0xx_hal_cortex.o
 .debug_info    0x0000000000001da3      0xfb3 ./system/src/stm32f0-hal/stm32f0xx_hal_gpio.o
 .debug_info    0x0000000000002d56     0x14a2 ./system/src/stm32f0-hal/stm32f0xx_hal_rcc.o
 .debug_info    0x00000000000041f8     0x231f ./system/src/stm32f0-hal/stm32f0xx_hal_spi.o
 .debug_info    0x0000000000006517      0x952 ./system/src/newlib/_exit.o
 .debug_info    0x0000000000006e69      0x93e ./system/src/newlib/_sbrk.o
 .debug_info    0x00000000000077a7      0x435 ./system/src/newlib/_startup.o
 .debug_info    0x0000000000007bdc      0xa15 ./system/src/newlib/_syscalls.o
 .debug_info    0x00000000000085f1      0x9fb ./system/src/newlib/assert.o
 .debug_info    0x0000000000008fec      0xb26 ./system/src/diag/Trace.o
 .debug_info    0x0000000000009b12      0xb4e ./system/src/diag/trace_impl.o
 .debug_info    0x000000000000a660      0x90a ./system/src/cortexm/_initialize_hardware.o
 .debug_info    0x000000000000af6a      0xb8a ./system/src/cortexm/exception_handlers.o
 .debug_info    0x000000000000baf4       0x77 ./system/src/cmsis/startup_stm32f030x6.o
 .debug_info    0x000000000000bb6b      0xa30 ./system/src/cmsis/system_stm32f0xx.o
 .debug_info    0x000000000000c59b      0xd89 ./src/bluenrg_interface.o
 .debug_info    0x000000000000d324     0x1346 ./src/bt01.o
 .debug_info    0x000000000000e66a      0x953 ./src/clock.o
 .debug_info    0x000000000000efbd     0x1b7c ./src/main.o
 .debug_info    0x0000000000010b39     0x13e6 ./src/my_function.o
 .debug_info    0x0000000000011f1f     0x23dc ./src/my_service.o
 .debug_info    0x00000000000142fb     0x1133 ./src/stm32f0xx_hal_msp.o
 .debug_info    0x000000000001542e     0x1664 ./src/stm32xx_it.o
 .debug_info    0x0000000000016a92     0x2831 ./bluenrg/src/bluenrg_gap_aci.o
 .debug_info    0x00000000000192c3     0x2fa0 ./bluenrg/src/bluenrg_gatt_aci.o
 .debug_info    0x000000000001c263      0x4af ./bluenrg/src/bluenrg_hal_aci.o
 .debug_info    0x000000000001c712      0x1c1 ./bluenrg/src/gp_timer.o
 .debug_info    0x000000000001c8d3     0x3729 ./bluenrg/src/hci.o
 .debug_info    0x000000000001fffc      0x307 ./bluenrg/src/list.o
 .debug_info    0x0000000000020303      0x97e ./bluenrg/src/osal.o
 .debug_info    0x0000000000020c81     0x192b ./bluenrg/src/stm32_bluenrg_ble.o

.debug_abbrev   0x0000000000000000     0x4b27
 *(.debug_abbrev)
 .debug_abbrev  0x0000000000000000      0x2f2 ./system/src/stm32f0-hal/stm32f0xx_hal.o
 .debug_abbrev  0x00000000000002f2      0x372 ./system/src/stm32f0-hal/stm32f0xx_hal_cortex.o
 .debug_abbrev  0x0000000000000664      0x2dc ./system/src/stm32f0-hal/stm32f0xx_hal_gpio.o
 .debug_abbrev  0x0000000000000940      0x2e1 ./system/src/stm32f0-hal/stm32f0xx_hal_rcc.o
 .debug_abbrev  0x0000000000000c21      0x31c ./system/src/stm32f0-hal/stm32f0xx_hal_spi.o
 .debug_abbrev  0x0000000000000f3d      0x1f3 ./system/src/newlib/_exit.o
 .debug_abbrev  0x0000000000001130      0x1fc ./system/src/newlib/_sbrk.o
 .debug_abbrev  0x000000000000132c      0x1b3 ./system/src/newlib/_startup.o
 .debug_abbrev  0x00000000000014df      0x234 ./system/src/newlib/_syscalls.o
 .debug_abbrev  0x0000000000001713      0x1f3 ./system/src/newlib/assert.o
 .debug_abbrev  0x0000000000001906      0x276 ./system/src/diag/Trace.o
 .debug_abbrev  0x0000000000001b7c      0x2e8 ./system/src/diag/trace_impl.o
 .debug_abbrev  0x0000000000001e64      0x1c8 ./system/src/cortexm/_initialize_hardware.o
 .debug_abbrev  0x000000000000202c      0x28f ./system/src/cortexm/exception_handlers.o
 .debug_abbrev  0x00000000000022bb       0x12 ./system/src/cmsis/startup_stm32f030x6.o
 .debug_abbrev  0x00000000000022cd      0x216 ./system/src/cmsis/system_stm32f0xx.o
 .debug_abbrev  0x00000000000024e3      0x205 ./src/bluenrg_interface.o
 .debug_abbrev  0x00000000000026e8      0x2c8 ./src/bt01.o
 .debug_abbrev  0x00000000000029b0      0x22f ./src/clock.o
 .debug_abbrev  0x0000000000002bdf      0x345 ./src/main.o
 .debug_abbrev  0x0000000000002f24      0x379 ./src/my_function.o
 .debug_abbrev  0x000000000000329d      0x379 ./src/my_service.o
 .debug_abbrev  0x0000000000003616      0x252 ./src/stm32f0xx_hal_msp.o
 .debug_abbrev  0x0000000000003868      0x2b1 ./src/stm32xx_it.o
 .debug_abbrev  0x0000000000003b19      0x1c2 ./bluenrg/src/bluenrg_gap_aci.o
 .debug_abbrev  0x0000000000003cdb      0x1e5 ./bluenrg/src/bluenrg_gatt_aci.o
 .debug_abbrev  0x0000000000003ec0      0x16c ./bluenrg/src/bluenrg_hal_aci.o
 .debug_abbrev  0x000000000000402c      0x107 ./bluenrg/src/gp_timer.o
 .debug_abbrev  0x0000000000004133      0x38a ./bluenrg/src/hci.o
 .debug_abbrev  0x00000000000044bd       0xf6 ./bluenrg/src/list.o
 .debug_abbrev  0x00000000000045b3      0x1e8 ./bluenrg/src/osal.o
 .debug_abbrev  0x000000000000479b      0x38c ./bluenrg/src/stm32_bluenrg_ble.o

.debug_line     0x0000000000000000     0xd8c2
 *(.debug_line)
 .debug_line    0x0000000000000000      0x78d ./system/src/stm32f0-hal/stm32f0xx_hal.o
 .debug_line    0x000000000000078d      0x7f0 ./system/src/stm32f0-hal/stm32f0xx_hal_cortex.o
 .debug_line    0x0000000000000f7d      0x881 ./system/src/stm32f0-hal/stm32f0xx_hal_gpio.o
 .debug_line    0x00000000000017fe      0xadf ./system/src/stm32f0-hal/stm32f0xx_hal_rcc.o
 .debug_line    0x00000000000022dd     0x1185 ./system/src/stm32f0-hal/stm32f0xx_hal_spi.o
 .debug_line    0x0000000000003462      0x37b ./system/src/newlib/_exit.o
 .debug_line    0x00000000000037dd      0x310 ./system/src/newlib/_sbrk.o
 .debug_line    0x0000000000003aed      0x3ca ./system/src/newlib/_startup.o
 .debug_line    0x0000000000003eb7      0x42c ./system/src/newlib/_syscalls.o
 .debug_line    0x00000000000042e3      0x3b6 ./system/src/newlib/assert.o
 .debug_line    0x0000000000004699      0x3ea ./system/src/diag/Trace.o
 .debug_line    0x0000000000004a83      0x75d ./system/src/diag/trace_impl.o
 .debug_line    0x00000000000051e0      0x68a ./system/src/cortexm/_initialize_hardware.o
 .debug_line    0x000000000000586a      0x7c0 ./system/src/cortexm/exception_handlers.o
 .debug_line    0x000000000000602a       0x8c ./system/src/cmsis/startup_stm32f030x6.o
 .debug_line    0x00000000000060b6      0x696 ./system/src/cmsis/system_stm32f0xx.o
 .debug_line    0x000000000000674c      0x765 ./src/bluenrg_interface.o
 .debug_line    0x0000000000006eb1      0x814 ./src/bt01.o
 .debug_line    0x00000000000076c5      0x6be ./src/clock.o
 .debug_line    0x0000000000007d83      0x994 ./src/main.o
 .debug_line    0x0000000000008717      0xa6e ./src/my_function.o
 .debug_line    0x0000000000009185      0xa48 ./src/my_service.o
 .debug_line    0x0000000000009bcd      0x68c ./src/stm32f0xx_hal_msp.o
 .debug_line    0x000000000000a259      0x991 ./src/stm32xx_it.o
 .debug_line    0x000000000000abea      0x67e ./bluenrg/src/bluenrg_gap_aci.o
 .debug_line    0x000000000000b268      0x7e9 ./bluenrg/src/bluenrg_gatt_aci.o
 .debug_line    0x000000000000ba51      0x285 ./bluenrg/src/bluenrg_hal_aci.o
 .debug_line    0x000000000000bcd6      0x177 ./bluenrg/src/gp_timer.o
 .debug_line    0x000000000000be4d      0xcb4 ./bluenrg/src/hci.o
 .debug_line    0x000000000000cb01      0x1e4 ./bluenrg/src/list.o
 .debug_line    0x000000000000cce5      0x2ec ./bluenrg/src/osal.o
 .debug_line    0x000000000000cfd1      0x8f1 ./bluenrg/src/stm32_bluenrg_ble.o

.debug_frame    0x0000000000000000     0x2714
 *(.debug_frame)
 .debug_frame   0x0000000000000000      0x144 ./system/src/stm32f0-hal/stm32f0xx_hal.o
 .debug_frame   0x0000000000000144      0x114 ./system/src/stm32f0-hal/stm32f0xx_hal_cortex.o
 .debug_frame   0x0000000000000258       0xf8 ./system/src/stm32f0-hal/stm32f0xx_hal_gpio.o
 .debug_frame   0x0000000000000350      0x140 ./system/src/stm32f0-hal/stm32f0xx_hal_rcc.o
 .debug_frame   0x0000000000000490      0x508 ./system/src/stm32f0-hal/stm32f0xx_hal_spi.o
 .debug_frame   0x0000000000000998       0x38 ./system/src/newlib/_exit.o
 .debug_frame   0x00000000000009d0       0x28 ./system/src/newlib/_sbrk.o
 .debug_frame   0x00000000000009f8       0x80 ./system/src/newlib/_startup.o
 .debug_frame   0x0000000000000a78       0x50 ./system/src/newlib/_syscalls.o
 .debug_frame   0x0000000000000ac8       0x44 ./system/src/newlib/assert.o
 .debug_frame   0x0000000000000b0c       0x78 ./system/src/diag/Trace.o
 .debug_frame   0x0000000000000b84       0x60 ./system/src/diag/trace_impl.o
 .debug_frame   0x0000000000000be4       0x40 ./system/src/cortexm/_initialize_hardware.o
 .debug_frame   0x0000000000000c24       0xb0 ./system/src/cortexm/exception_handlers.o
 .debug_frame   0x0000000000000cd4       0x38 ./system/src/cmsis/system_stm32f0xx.o
 .debug_frame   0x0000000000000d0c       0x28 ./src/bluenrg_interface.o
 .debug_frame   0x0000000000000d34      0x124 ./src/bt01.o
 .debug_frame   0x0000000000000e58       0x50 ./src/clock.o
 .debug_frame   0x0000000000000ea8       0x78 ./src/main.o
 .debug_frame   0x0000000000000f20       0xb8 ./src/my_function.o
 .debug_frame   0x0000000000000fd8      0x124 ./src/my_service.o
 .debug_frame   0x00000000000010fc       0x58 ./src/stm32f0xx_hal_msp.o
 .debug_frame   0x0000000000001154       0xf0 ./src/stm32xx_it.o
 .debug_frame   0x0000000000001244      0x44c ./bluenrg/src/bluenrg_gap_aci.o
 .debug_frame   0x0000000000001690      0x514 ./bluenrg/src/bluenrg_gatt_aci.o
 .debug_frame   0x0000000000001ba4       0xa0 ./bluenrg/src/bluenrg_hal_aci.o
 .debug_frame   0x0000000000001c44       0x80 ./bluenrg/src/gp_timer.o
 .debug_frame   0x0000000000001cc4      0x4b8 ./bluenrg/src/hci.o
 .debug_frame   0x000000000000217c       0xe0 ./bluenrg/src/list.o
 .debug_frame   0x000000000000225c       0x40 ./bluenrg/src/osal.o
 .debug_frame   0x000000000000229c      0x194 ./bluenrg/src/stm32_bluenrg_ble.o
 .debug_frame   0x0000000000002430       0x20 /home/jet/work/tools/toolchain/gcc-arm-none-eabi-6_2-2016q4/bin/../lib/gcc/arm-none-eabi/6.2.1/thumb/v6-m/libgcc.a(_udivsi3.o)
 .debug_frame   0x0000000000002450       0x20 /home/jet/work/tools/toolchain/gcc-arm-none-eabi-6_2-2016q4/bin/../lib/gcc/arm-none-eabi/6.2.1/../../../../arm-none-eabi/lib/thumb/v6-m/libg_nano.a(lib_a-errno.o)
 .debug_frame   0x0000000000002470       0x28 /home/jet/work/tools/toolchain/gcc-arm-none-eabi-6_2-2016q4/bin/../lib/gcc/arm-none-eabi/6.2.1/../../../../arm-none-eabi/lib/thumb/v6-m/libg_nano.a(lib_a-memcpy-stub.o)
 .debug_frame   0x0000000000002498       0x20 /home/jet/work/tools/toolchain/gcc-arm-none-eabi-6_2-2016q4/bin/../lib/gcc/arm-none-eabi/6.2.1/../../../../arm-none-eabi/lib/thumb/v6-m/libg_nano.a(lib_a-memset.o)
 .debug_frame   0x00000000000024b8       0x48 /home/jet/work/tools/toolchain/gcc-arm-none-eabi-6_2-2016q4/bin/../lib/gcc/arm-none-eabi/6.2.1/../../../../arm-none-eabi/lib/thumb/v6-m/libg_nano.a(lib_a-vsnprintf.o)
 .debug_frame   0x0000000000002500       0x74 /home/jet/work/tools/toolchain/gcc-arm-none-eabi-6_2-2016q4/bin/../lib/gcc/arm-none-eabi/6.2.1/../../../../arm-none-eabi/lib/thumb/v6-m/libg_nano.a(lib_a-nano-svfprintf.o)
 .debug_frame   0x0000000000002574       0x54 /home/jet/work/tools/toolchain/gcc-arm-none-eabi-6_2-2016q4/bin/../lib/gcc/arm-none-eabi/6.2.1/../../../../arm-none-eabi/lib/thumb/v6-m/libg_nano.a(lib_a-nano-vfprintf_i.o)
 .debug_frame   0x00000000000025c8       0x20 /home/jet/work/tools/toolchain/gcc-arm-none-eabi-6_2-2016q4/bin/../lib/gcc/arm-none-eabi/6.2.1/../../../../arm-none-eabi/lib/thumb/v6-m/libg_nano.a(lib_a-memchr-stub.o)
 .debug_frame   0x00000000000025e8       0x28 /home/jet/work/tools/toolchain/gcc-arm-none-eabi-6_2-2016q4/bin/../lib/gcc/arm-none-eabi/6.2.1/../../../../arm-none-eabi/lib/thumb/v6-m/libg_nano.a(lib_a-memmove.o)
 .debug_frame   0x0000000000002610       0x2c /home/jet/work/tools/toolchain/gcc-arm-none-eabi-6_2-2016q4/bin/../lib/gcc/arm-none-eabi/6.2.1/../../../../arm-none-eabi/lib/thumb/v6-m/libg_nano.a(lib_a-nano-freer.o)
 .debug_frame   0x000000000000263c       0x2c /home/jet/work/tools/toolchain/gcc-arm-none-eabi-6_2-2016q4/bin/../lib/gcc/arm-none-eabi/6.2.1/../../../../arm-none-eabi/lib/thumb/v6-m/libg_nano.a(lib_a-nano-mallocr.o)
 .debug_frame   0x0000000000002668       0x30 /home/jet/work/tools/toolchain/gcc-arm-none-eabi-6_2-2016q4/bin/../lib/gcc/arm-none-eabi/6.2.1/../../../../arm-none-eabi/lib/thumb/v6-m/libg_nano.a(lib_a-nano-reallocr.o)
 .debug_frame   0x0000000000002698       0x2c /home/jet/work/tools/toolchain/gcc-arm-none-eabi-6_2-2016q4/bin/../lib/gcc/arm-none-eabi/6.2.1/../../../../arm-none-eabi/lib/thumb/v6-m/libg_nano.a(lib_a-sbrkr.o)
 .debug_frame   0x00000000000026c4       0x30 /home/jet/work/tools/toolchain/gcc-arm-none-eabi-6_2-2016q4/bin/../lib/gcc/arm-none-eabi/6.2.1/../../../../arm-none-eabi/lib/thumb/v6-m/libg_nano.a(lib_a-mlock.o)
 .debug_frame   0x00000000000026f4       0x20 /home/jet/work/tools/toolchain/gcc-arm-none-eabi-6_2-2016q4/bin/../lib/gcc/arm-none-eabi/6.2.1/../../../../arm-none-eabi/lib/thumb/v6-m/libg_nano.a(lib_a-nano-msizer.o)

.debug_str      0x0000000000000000    0x5417d
 *(.debug_str)
 .debug_str     0x0000000000000000    0x3fdf6 ./system/src/stm32f0-hal/stm32f0xx_hal.o
                                      0x40211 (size before relaxing)
 .debug_str     0x000000000003fdf6      0x1fa ./system/src/stm32f0-hal/stm32f0xx_hal_cortex.o
                                      0x400f1 (size before relaxing)
 .debug_str     0x000000000003fff0      0x2d5 ./system/src/stm32f0-hal/stm32f0xx_hal_gpio.o
                                      0x4005f (size before relaxing)
 .debug_str     0x00000000000402c5      0x31e ./system/src/stm32f0-hal/stm32f0xx_hal_rcc.o
                                      0x40186 (size before relaxing)
 .debug_str     0x00000000000405e3      0x841 ./system/src/stm32f0-hal/stm32f0xx_hal_spi.o
                                      0x405e4 (size before relaxing)
 .debug_str     0x0000000000040e24     0x10e1 ./system/src/newlib/_exit.o
                                       0x7324 (size before relaxing)
 .debug_str     0x0000000000041f05      0x4f5 ./system/src/newlib/_sbrk.o
                                       0x66ef (size before relaxing)
 .debug_str     0x00000000000423fa      0x260 ./system/src/newlib/_startup.o
                                       0x5eae (size before relaxing)
 .debug_str     0x000000000004265a      0xe2c ./system/src/newlib/_syscalls.o
                                       0x756b (size before relaxing)
 .debug_str     0x0000000000043486       0xd0 ./system/src/newlib/assert.o
                                       0x7e29 (size before relaxing)
 .debug_str     0x0000000000043556      0x169 ./system/src/diag/Trace.o
                                       0x7b0a (size before relaxing)
 .debug_str     0x00000000000436bf      0x37b ./system/src/diag/trace_impl.o
                                      0x41026 (size before relaxing)
 .debug_str     0x0000000000043a3a       0x5e ./system/src/cortexm/_initialize_hardware.o
                                      0x3fd6b (size before relaxing)
 .debug_str     0x0000000000043a98      0x109 ./system/src/cortexm/exception_handlers.o
                                      0x40e39 (size before relaxing)
 .debug_str     0x0000000000043ba1       0x46 ./system/src/cmsis/system_stm32f0xx.o
                                      0x3fd92 (size before relaxing)
 .debug_str     0x0000000000043be7     0x2250 ./src/bluenrg_interface.o
                                      0x42326 (size before relaxing)
 .debug_str     0x0000000000045e37     0x6688 ./src/bt01.o
                                      0x480b8 (size before relaxing)
 .debug_str     0x000000000004c4bf       0x55 ./src/clock.o
                                      0x3fdb4 (size before relaxing)
 .debug_str     0x000000000004c514     0x49e6 ./src/main.o
                                      0x4d673 (size before relaxing)
 .debug_str     0x0000000000050efa      0x1cb ./src/my_function.o
                                      0x4d16b (size before relaxing)
 .debug_str     0x00000000000510c5      0xd06 ./src/my_service.o
                                      0x4de8c (size before relaxing)
 .debug_str     0x0000000000051dcb       0x45 ./src/stm32f0xx_hal_msp.o
                                      0x403c3 (size before relaxing)
 .debug_str     0x0000000000051e10       0x81 ./src/stm32xx_it.o
                                      0x4d214 (size before relaxing)
 .debug_str     0x0000000000051e91      0xade ./bluenrg/src/bluenrg_gap_aci.o
                                       0x8e7a (size before relaxing)
 .debug_str     0x000000000005296f      0xb12 ./bluenrg/src/bluenrg_gatt_aci.o
                                       0x8f18 (size before relaxing)
 .debug_str     0x0000000000053481       0xad ./bluenrg/src/bluenrg_hal_aci.o
                                       0x8230 (size before relaxing)
 .debug_str     0x000000000005352e       0x67 ./bluenrg/src/gp_timer.o
                                       0x37ff (size before relaxing)
 .debug_str     0x0000000000053595      0x9c6 ./bluenrg/src/hci.o
                                      0x44ba4 (size before relaxing)
 .debug_str     0x0000000000053f5b       0xad ./bluenrg/src/list.o
                                       0x3186 (size before relaxing)
 .debug_str     0x0000000000054008       0x22 ./bluenrg/src/osal.o
                                       0x619d (size before relaxing)
 .debug_str     0x000000000005402a      0x153 ./bluenrg/src/stm32_bluenrg_ble.o
                                      0x41eb5 (size before relaxing)

.debug_loc      0x0000000000000000     0x91b2
 *(.debug_loc)
 .debug_loc     0x0000000000000000       0x6a ./system/src/stm32f0-hal/stm32f0xx_hal.o
 .debug_loc     0x000000000000006a      0x406 ./system/src/stm32f0-hal/stm32f0xx_hal_cortex.o
 .debug_loc     0x0000000000000470      0x516 ./system/src/stm32f0-hal/stm32f0xx_hal_gpio.o
 .debug_loc     0x0000000000000986      0x4df ./system/src/stm32f0-hal/stm32f0xx_hal_rcc.o
 .debug_loc     0x0000000000000e65     0x140b ./system/src/stm32f0-hal/stm32f0xx_hal_spi.o
 .debug_loc     0x0000000000002270       0x99 ./system/src/newlib/_sbrk.o
 .debug_loc     0x0000000000002309      0x19e ./system/src/newlib/_startup.o
 .debug_loc     0x00000000000024a7       0x63 ./system/src/newlib/_syscalls.o
 .debug_loc     0x000000000000250a      0x11e ./system/src/newlib/assert.o
 .debug_loc     0x0000000000002628       0xf6 ./system/src/diag/Trace.o
 .debug_loc     0x000000000000271e      0x10a ./system/src/diag/trace_impl.o
 .debug_loc     0x0000000000002828       0x94 ./system/src/cortexm/exception_handlers.o
 .debug_loc     0x00000000000028bc      0x10e ./system/src/cmsis/system_stm32f0xx.o
 .debug_loc     0x00000000000029ca       0x21 ./src/bluenrg_interface.o
 .debug_loc     0x00000000000029eb      0x1b8 ./src/bt01.o
 .debug_loc     0x0000000000002ba3       0x21 ./src/clock.o
 .debug_loc     0x0000000000002bc4      0x1a5 ./src/main.o
 .debug_loc     0x0000000000002d69      0x4db ./src/my_function.o
 .debug_loc     0x0000000000003244      0x511 ./src/my_service.o
 .debug_loc     0x0000000000003755       0x74 ./src/stm32f0xx_hal_msp.o
 .debug_loc     0x00000000000037c9       0x14 ./src/stm32xx_it.o
 .debug_loc     0x00000000000037dd     0x1e84 ./bluenrg/src/bluenrg_gap_aci.o
 .debug_loc     0x0000000000005661     0x23c8 ./bluenrg/src/bluenrg_gatt_aci.o
 .debug_loc     0x0000000000007a29      0x16b ./bluenrg/src/bluenrg_hal_aci.o
 .debug_loc     0x0000000000007b94       0xc6 ./bluenrg/src/gp_timer.o
 .debug_loc     0x0000000000007c5a     0x10dd ./bluenrg/src/hci.o
 .debug_loc     0x0000000000008d37       0xfb ./bluenrg/src/list.o
 .debug_loc     0x0000000000008e32       0xc6 ./bluenrg/src/osal.o
 .debug_loc     0x0000000000008ef8      0x2ba ./bluenrg/src/stm32_bluenrg_ble.o

.debug_macinfo
 *(.debug_macinfo)

.debug_weaknames
 *(.debug_weaknames)

.debug_funcnames
 *(.debug_funcnames)

.debug_typenames
 *(.debug_typenames)

.debug_varnames
 *(.debug_varnames)
OUTPUT(bt.relay.elf elf32-littlearm)

.debug_ranges   0x0000000000000000      0xce8
 .debug_ranges  0x0000000000000000       0x90 ./system/src/stm32f0-hal/stm32f0xx_hal.o
 .debug_ranges  0x0000000000000090       0xb0 ./system/src/stm32f0-hal/stm32f0xx_hal_cortex.o
 .debug_ranges  0x0000000000000140       0x48 ./system/src/stm32f0-hal/stm32f0xx_hal_gpio.o
 .debug_ranges  0x0000000000000188       0x70 ./system/src/stm32f0-hal/stm32f0xx_hal_rcc.o
 .debug_ranges  0x00000000000001f8      0x1d8 ./system/src/stm32f0-hal/stm32f0xx_hal_spi.o
 .debug_ranges  0x00000000000003d0       0x18 ./system/src/newlib/_exit.o
 .debug_ranges  0x00000000000003e8       0x10 ./system/src/newlib/_sbrk.o
 .debug_ranges  0x00000000000003f8       0x78 ./system/src/newlib/_startup.o
 .debug_ranges  0x0000000000000470       0x20 ./system/src/newlib/_syscalls.o
 .debug_ranges  0x0000000000000490       0x18 ./system/src/newlib/assert.o
 .debug_ranges  0x00000000000004a8       0x28 ./system/src/diag/Trace.o
 .debug_ranges  0x00000000000004d0       0x38 ./system/src/diag/trace_impl.o
 .debug_ranges  0x0000000000000508       0x18 ./system/src/cortexm/_initialize_hardware.o
 .debug_ranges  0x0000000000000520       0x48 ./system/src/cortexm/exception_handlers.o
 .debug_ranges  0x0000000000000568       0x20 ./system/src/cmsis/startup_stm32f030x6.o
 .debug_ranges  0x0000000000000588       0x18 ./system/src/cmsis/system_stm32f0xx.o
 .debug_ranges  0x00000000000005a0       0x10 ./src/bluenrg_interface.o
 .debug_ranges  0x00000000000005b0       0x60 ./src/bt01.o
 .debug_ranges  0x0000000000000610       0x20 ./src/clock.o
 .debug_ranges  0x0000000000000630       0x40 ./src/main.o
 .debug_ranges  0x0000000000000670       0x38 ./src/my_function.o
 .debug_ranges  0x00000000000006a8       0x60 ./src/my_service.o
 .debug_ranges  0x0000000000000708       0x20 ./src/stm32f0xx_hal_msp.o
 .debug_ranges  0x0000000000000728       0x68 ./src/stm32xx_it.o
 .debug_ranges  0x0000000000000790      0x120 ./bluenrg/src/bluenrg_gap_aci.o
 .debug_ranges  0x00000000000008b0      0x158 ./bluenrg/src/bluenrg_gatt_aci.o
 .debug_ranges  0x0000000000000a08       0x30 ./bluenrg/src/bluenrg_hal_aci.o
 .debug_ranges  0x0000000000000a38       0x30 ./bluenrg/src/gp_timer.o
 .debug_ranges  0x0000000000000a68      0x168 ./bluenrg/src/hci.o
 .debug_ranges  0x0000000000000bd0       0x68 ./bluenrg/src/list.o
 .debug_ranges  0x0000000000000c38       0x18 ./bluenrg/src/osal.o
 .debug_ranges  0x0000000000000c50       0x98 ./bluenrg/src/stm32_bluenrg_ble.o

.debug_macro    0x0000000000000000    0x11c4b
 .debug_macro   0x0000000000000000      0x302 ./system/src/stm32f0-hal/stm32f0xx_hal.o
 .debug_macro   0x0000000000000302      0x8b6 ./system/src/stm32f0-hal/stm32f0xx_hal.o
 .debug_macro   0x0000000000000bb8       0x9e ./system/src/stm32f0-hal/stm32f0xx_hal.o
 .debug_macro   0x0000000000000c56       0x2e ./system/src/stm32f0-hal/stm32f0xx_hal.o
 .debug_macro   0x0000000000000c84       0x22 ./system/src/stm32f0-hal/stm32f0xx_hal.o
 .debug_macro   0x0000000000000ca6      0x34e ./system/src/stm32f0-hal/stm32f0xx_hal.o
 .debug_macro   0x0000000000000ff4       0x35 ./system/src/stm32f0-hal/stm32f0xx_hal.o
 .debug_macro   0x0000000000001029       0x26 ./system/src/stm32f0-hal/stm32f0xx_hal.o
 .debug_macro   0x000000000000104f      0x30d ./system/src/stm32f0-hal/stm32f0xx_hal.o
 .debug_macro   0x000000000000135c     0x33ab ./system/src/stm32f0-hal/stm32f0xx_hal.o
 .debug_macro   0x0000000000004707       0x3c ./system/src/stm32f0-hal/stm32f0xx_hal.o
 .debug_macro   0x0000000000004743     0x2ac7 ./system/src/stm32f0-hal/stm32f0xx_hal.o
 .debug_macro   0x000000000000720a       0x22 ./system/src/stm32f0-hal/stm32f0xx_hal.o
 .debug_macro   0x000000000000722c       0x4c ./system/src/stm32f0-hal/stm32f0xx_hal.o
 .debug_macro   0x0000000000007278       0x8d ./system/src/stm32f0-hal/stm32f0xx_hal.o
 .debug_macro   0x0000000000007305       0x35 ./system/src/stm32f0-hal/stm32f0xx_hal.o
 .debug_macro   0x000000000000733a       0x9c ./system/src/stm32f0-hal/stm32f0xx_hal.o
 .debug_macro   0x00000000000073d6       0x16 ./system/src/stm32f0-hal/stm32f0xx_hal.o
 .debug_macro   0x00000000000073ec       0x57 ./system/src/stm32f0-hal/stm32f0xx_hal.o
 .debug_macro   0x0000000000007443       0x97 ./system/src/stm32f0-hal/stm32f0xx_hal.o
 .debug_macro   0x00000000000074da      0x30d ./system/src/stm32f0-hal/stm32f0xx_hal.o
 .debug_macro   0x00000000000077e7       0xfd ./system/src/stm32f0-hal/stm32f0xx_hal.o
 .debug_macro   0x00000000000078e4       0x10 ./system/src/stm32f0-hal/stm32f0xx_hal.o
 .debug_macro   0x00000000000078f4       0x52 ./system/src/stm32f0-hal/stm32f0xx_hal.o
 .debug_macro   0x0000000000007946       0x1f ./system/src/stm32f0-hal/stm32f0xx_hal.o
 .debug_macro   0x0000000000007965       0x43 ./system/src/stm32f0-hal/stm32f0xx_hal.o
 .debug_macro   0x00000000000079a8       0x20 ./system/src/stm32f0-hal/stm32f0xx_hal.o
 .debug_macro   0x00000000000079c8      0x187 ./system/src/stm32f0-hal/stm32f0xx_hal.o
 .debug_macro   0x0000000000007b4f       0x10 ./system/src/stm32f0-hal/stm32f0xx_hal.o
 .debug_macro   0x0000000000007b5f       0x6a ./system/src/stm32f0-hal/stm32f0xx_hal.o
 .debug_macro   0x0000000000007bc9       0x1c ./system/src/stm32f0-hal/stm32f0xx_hal.o
 .debug_macro   0x0000000000007be5       0x52 ./system/src/stm32f0-hal/stm32f0xx_hal.o
 .debug_macro   0x0000000000007c37       0x40 ./system/src/stm32f0-hal/stm32f0xx_hal.o
 .debug_macro   0x0000000000007c77       0x10 ./system/src/stm32f0-hal/stm32f0xx_hal.o
 .debug_macro   0x0000000000007c87       0x40 ./system/src/stm32f0-hal/stm32f0xx_hal.o
 .debug_macro   0x0000000000007cc7       0xd7 ./system/src/stm32f0-hal/stm32f0xx_hal.o
 .debug_macro   0x0000000000007d9e       0x16 ./system/src/stm32f0-hal/stm32f0xx_hal.o
 .debug_macro   0x0000000000007db4      0x18b ./system/src/stm32f0-hal/stm32f0xx_hal.o
 .debug_macro   0x0000000000007f3f       0x50 ./system/src/stm32f0-hal/stm32f0xx_hal.o
 .debug_macro   0x0000000000007f8f      0x936 ./system/src/stm32f0-hal/stm32f0xx_hal.o
 .debug_macro   0x00000000000088c5       0xd0 ./system/src/stm32f0-hal/stm32f0xx_hal.o
 .debug_macro   0x0000000000008995      0x13a ./system/src/stm32f0-hal/stm32f0xx_hal.o
 .debug_macro   0x0000000000008acf       0xad ./system/src/stm32f0-hal/stm32f0xx_hal.o
 .debug_macro   0x0000000000008b7c      0x1d8 ./system/src/stm32f0-hal/stm32f0xx_hal.o
 .debug_macro   0x0000000000008d54       0x2d ./system/src/stm32f0-hal/stm32f0xx_hal.o
 .debug_macro   0x0000000000008d81       0x43 ./system/src/stm32f0-hal/stm32f0xx_hal.o
 .debug_macro   0x0000000000008dc4       0x31 ./system/src/stm32f0-hal/stm32f0xx_hal.o
 .debug_macro   0x0000000000008df5       0xb6 ./system/src/stm32f0-hal/stm32f0xx_hal.o
 .debug_macro   0x0000000000008eab      0x15a ./system/src/stm32f0-hal/stm32f0xx_hal.o
 .debug_macro   0x0000000000009005       0x4d ./system/src/stm32f0-hal/stm32f0xx_hal.o
 .debug_macro   0x0000000000009052       0x2a ./system/src/stm32f0-hal/stm32f0xx_hal.o
 .debug_macro   0x000000000000907c      0x2e3 ./system/src/stm32f0-hal/stm32f0xx_hal.o
 .debug_macro   0x000000000000935f      0x37c ./system/src/stm32f0-hal/stm32f0xx_hal.o
 .debug_macro   0x00000000000096db      0x156 ./system/src/stm32f0-hal/stm32f0xx_hal.o
 .debug_macro   0x0000000000009831       0xea ./system/src/stm32f0-hal/stm32f0xx_hal.o
 .debug_macro   0x000000000000991b      0x2de ./system/src/stm32f0-hal/stm32f0xx_hal_cortex.o
 .debug_macro   0x0000000000009bf9      0x317 ./system/src/stm32f0-hal/stm32f0xx_hal_gpio.o
 .debug_macro   0x0000000000009f10      0x2f0 ./system/src/stm32f0-hal/stm32f0xx_hal_rcc.o
 .debug_macro   0x000000000000a200      0x2e5 ./system/src/stm32f0-hal/stm32f0xx_hal_spi.o
 .debug_macro   0x000000000000a4e5      0x1a7 ./system/src/newlib/_exit.o
 .debug_macro   0x000000000000a68c      0x10e ./system/src/newlib/_exit.o
 .debug_macro   0x000000000000a79a       0x8d ./system/src/newlib/_exit.o
 .debug_macro   0x000000000000a827       0x35 ./system/src/newlib/_exit.o
 .debug_macro   0x000000000000a85c      0x15c ./system/src/newlib/_sbrk.o
 .debug_macro   0x000000000000a9b8      0x174 ./system/src/newlib/_sbrk.o
 .debug_macro   0x000000000000ab2c       0x10 ./system/src/newlib/_sbrk.o
 .debug_macro   0x000000000000ab3c      0x23b ./system/src/newlib/_sbrk.o
 .debug_macro   0x000000000000ad77      0x166 ./system/src/newlib/_startup.o
 .debug_macro   0x000000000000aedd      0x20a ./system/src/newlib/_syscalls.o
 .debug_macro   0x000000000000b0e7       0x1c ./system/src/newlib/_syscalls.o
 .debug_macro   0x000000000000b103       0x10 ./system/src/newlib/_syscalls.o
 .debug_macro   0x000000000000b113       0x10 ./system/src/newlib/_syscalls.o
 .debug_macro   0x000000000000b123       0x10 ./system/src/newlib/_syscalls.o
 .debug_macro   0x000000000000b133       0x35 ./system/src/newlib/_syscalls.o
 .debug_macro   0x000000000000b168      0x122 ./system/src/newlib/_syscalls.o
 .debug_macro   0x000000000000b28a       0x88 ./system/src/newlib/_syscalls.o
 .debug_macro   0x000000000000b312       0x2b ./system/src/newlib/_syscalls.o
 .debug_macro   0x000000000000b33d      0x118 ./system/src/newlib/_syscalls.o
 .debug_macro   0x000000000000b455      0x159 ./system/src/newlib/_syscalls.o
 .debug_macro   0x000000000000b5ae       0x16 ./system/src/newlib/_syscalls.o
 .debug_macro   0x000000000000b5c4      0x1c3 ./system/src/newlib/assert.o
 .debug_macro   0x000000000000b787       0x1c ./system/src/newlib/assert.o
 .debug_macro   0x000000000000b7a3      0x1e4 ./system/src/diag/Trace.o
 .debug_macro   0x000000000000b987       0x4c ./system/src/diag/Trace.o
 .debug_macro   0x000000000000b9d3       0x16 ./system/src/diag/Trace.o
 .debug_macro   0x000000000000b9e9      0x324 ./system/src/diag/trace_impl.o
 .debug_macro   0x000000000000bd0d       0x22 ./system/src/diag/trace_impl.o
 .debug_macro   0x000000000000bd2f      0x2e8 ./system/src/cortexm/_initialize_hardware.o
 .debug_macro   0x000000000000c017      0x347 ./system/src/cortexm/exception_handlers.o
 .debug_macro   0x000000000000c35e      0x2de ./system/src/cmsis/system_stm32f0xx.o
 .debug_macro   0x000000000000c63c      0x388 ./src/bluenrg_interface.o
 .debug_macro   0x000000000000c9c4      0x147 ./src/bluenrg_interface.o
 .debug_macro   0x000000000000cb0b      0x18b ./src/bluenrg_interface.o
 .debug_macro   0x000000000000cc96       0x3a ./src/bluenrg_interface.o
 .debug_macro   0x000000000000ccd0       0x10 ./src/bluenrg_interface.o
 .debug_macro   0x000000000000cce0      0x15a ./src/bluenrg_interface.o
 .debug_macro   0x000000000000ce3a       0xa0 ./src/bluenrg_interface.o
 .debug_macro   0x000000000000ceda      0x172 ./src/bluenrg_interface.o
 .debug_macro   0x000000000000d04c      0x34d ./src/bt01.o
 .debug_macro   0x000000000000d399      0x823 ./src/bt01.o
 .debug_macro   0x000000000000dbbc       0x32 ./src/bt01.o
 .debug_macro   0x000000000000dbee      0x154 ./src/bt01.o
 .debug_macro   0x000000000000dd42      0x19c ./src/bt01.o
 .debug_macro   0x000000000000dede      0x106 ./src/bt01.o
 .debug_macro   0x000000000000dfe4      0x2fb ./src/clock.o
 .debug_macro   0x000000000000e2df       0x3a ./src/clock.o
 .debug_macro   0x000000000000e319      0x493 ./src/main.o
 .debug_macro   0x000000000000e7ac       0x5e ./src/main.o
 .debug_macro   0x000000000000e80a       0x40 ./src/main.o
 .debug_macro   0x000000000000e84a       0x1c ./src/main.o
 .debug_macro   0x000000000000e866      0x15e ./src/main.o
 .debug_macro   0x000000000000e9c4       0x9a ./src/main.o
 .debug_macro   0x000000000000ea5e      0x18e ./src/main.o
 .debug_macro   0x000000000000ebec       0x10 ./src/main.o
 .debug_macro   0x000000000000ebfc      0x1c9 ./src/main.o
 .debug_macro   0x000000000000edc5      0x2a6 ./src/main.o
 .debug_macro   0x000000000000f06b       0x59 ./src/main.o
 .debug_macro   0x000000000000f0c4      0x47c ./src/main.o
 .debug_macro   0x000000000000f540       0x4c ./src/main.o
 .debug_macro   0x000000000000f58c       0xdc ./src/main.o
 .debug_macro   0x000000000000f668       0x1c ./src/main.o
 .debug_macro   0x000000000000f684      0x829 ./src/main.o
 .debug_macro   0x000000000000fead      0x4c4 ./src/my_function.o
 .debug_macro   0x0000000000010371       0x16 ./src/my_function.o
 .debug_macro   0x0000000000010387       0x10 ./src/my_function.o
 .debug_macro   0x0000000000010397      0x499 ./src/my_service.o
 .debug_macro   0x0000000000010830       0x40 ./src/my_service.o
 .debug_macro   0x0000000000010870       0x88 ./src/my_service.o
 .debug_macro   0x00000000000108f8      0x2de ./src/stm32f0xx_hal_msp.o
 .debug_macro   0x0000000000010bd6      0x476 ./src/stm32xx_it.o
 .debug_macro   0x000000000001104c      0x105 ./bluenrg/src/bluenrg_gap_aci.o
 .debug_macro   0x0000000000011151      0x105 ./bluenrg/src/bluenrg_gatt_aci.o
 .debug_macro   0x0000000000011256      0x104 ./bluenrg/src/bluenrg_hal_aci.o
 .debug_macro   0x000000000001135a       0x54 ./bluenrg/src/gp_timer.o
 .debug_macro   0x00000000000113ae      0x3ae ./bluenrg/src/hci.o
 .debug_macro   0x000000000001175c       0x3d ./bluenrg/src/list.o
 .debug_macro   0x0000000000011799      0x116 ./bluenrg/src/osal.o
 .debug_macro   0x00000000000118af       0x34 ./bluenrg/src/osal.o
 .debug_macro   0x00000000000118e3      0x368 ./bluenrg/src/stm32_bluenrg_ble.o
